Archive member included to satisfy reference by file (symbol)

c:/program files (x86)/embitz/1.11/share/em_armgcc/bin/../lib/gcc/arm-none-eabi/5.4.1/../../../../arm-none-eabi/lib/armv7e-m/fpu\libc_n.a(lib_a-ctype_.o)
                              obj\debug\components\libraries\experimental_log\src\nrf_log_str_formatter.o (__ctype_ptr__)
c:/program files (x86)/embitz/1.11/share/em_armgcc/bin/../lib/gcc/arm-none-eabi/5.4.1/../../../../arm-none-eabi/lib/armv7e-m/fpu\libc_n.a(lib_a-exit.o)
                              c:/program files (x86)/embitz/1.11/share/em_armgcc/bin/../lib/gcc/arm-none-eabi/5.4.1/../../../../arm-none-eabi/lib/armv7e-m/fpu/crt0.o (exit)
c:/program files (x86)/embitz/1.11/share/em_armgcc/bin/../lib/gcc/arm-none-eabi/5.4.1/../../../../arm-none-eabi/lib/armv7e-m/fpu\libc_n.a(lib_a-impure.o)
                              c:/program files (x86)/embitz/1.11/share/em_armgcc/bin/../lib/gcc/arm-none-eabi/5.4.1/../../../../arm-none-eabi/lib/armv7e-m/fpu\libc_n.a(lib_a-exit.o) (_global_impure_ptr)
c:/program files (x86)/embitz/1.11/share/em_armgcc/bin/../lib/gcc/arm-none-eabi/5.4.1/../../../../arm-none-eabi/lib/armv7e-m/fpu\libc_n.a(lib_a-init.o)
                              c:/program files (x86)/embitz/1.11/share/em_armgcc/bin/../lib/gcc/arm-none-eabi/5.4.1/../../../../arm-none-eabi/lib/armv7e-m/fpu/crt0.o (__libc_init_array)
c:/program files (x86)/embitz/1.11/share/em_armgcc/bin/../lib/gcc/arm-none-eabi/5.4.1/../../../../arm-none-eabi/lib/armv7e-m/fpu\libc_n.a(lib_a-memcmp.o)
                              obj\debug\components\ble\peer_manager\id_manager.o (memcmp)
c:/program files (x86)/embitz/1.11/share/em_armgcc/bin/../lib/gcc/arm-none-eabi/5.4.1/../../../../arm-none-eabi/lib/armv7e-m/fpu\libc_n.a(lib_a-memcpy-stub.o)
                              obj\debug\components\ble\ble_advertising\ble_advertising.o (memcpy)
c:/program files (x86)/embitz/1.11/share/em_armgcc/bin/../lib/gcc/arm-none-eabi/5.4.1/../../../../arm-none-eabi/lib/armv7e-m/fpu\libc_n.a(lib_a-memset.o)
                              c:/program files (x86)/embitz/1.11/share/em_armgcc/bin/../lib/gcc/arm-none-eabi/5.4.1/../../../../arm-none-eabi/lib/armv7e-m/fpu/crt0.o (memset)
c:/program files (x86)/embitz/1.11/share/em_armgcc/bin/../lib/gcc/arm-none-eabi/5.4.1/../../../../arm-none-eabi/lib/armv7e-m/fpu\libc_n.a(lib_a-strcpy.o)
                              obj\debug\external\segger_rtt\segger_rtt.o (strcpy)
c:/program files (x86)/embitz/1.11/share/em_armgcc/bin/../lib/gcc/arm-none-eabi/5.4.1/../../../../arm-none-eabi/lib/armv7e-m/fpu\libc_n.a(lib_a-strlen.o)
                              obj\debug\components\ble\common\ble_srv_common.o (strlen)
c:/program files (x86)/embitz/1.11/share/em_armgcc/bin/../lib/gcc/arm-none-eabi/5.4.1/../../../../arm-none-eabi/lib/armv7e-m/fpu\libnosys.a(_exit.o)
                              c:/program files (x86)/embitz/1.11/share/em_armgcc/bin/../lib/gcc/arm-none-eabi/5.4.1/../../../../arm-none-eabi/lib/armv7e-m/fpu\libc_n.a(lib_a-exit.o) (_exit)
c:/program files (x86)/embitz/1.11/share/em_armgcc/bin/../lib/gcc/arm-none-eabi/5.4.1/armv7e-m/fpu\libgcc.a(_aeabi_uldivmod.o)
                              obj\debug\components\libraries\bsp\bsp.o (__aeabi_uldivmod)
c:/program files (x86)/embitz/1.11/share/em_armgcc/bin/../lib/gcc/arm-none-eabi/5.4.1/armv7e-m/fpu\libgcc.a(_udivmoddi4.o)
                              c:/program files (x86)/embitz/1.11/share/em_armgcc/bin/../lib/gcc/arm-none-eabi/5.4.1/armv7e-m/fpu\libgcc.a(_aeabi_uldivmod.o) (__udivmoddi4)
c:/program files (x86)/embitz/1.11/share/em_armgcc/bin/../lib/gcc/arm-none-eabi/5.4.1/armv7e-m/fpu\libgcc.a(_dvmd_tls.o)
                              c:/program files (x86)/embitz/1.11/share/em_armgcc/bin/../lib/gcc/arm-none-eabi/5.4.1/armv7e-m/fpu\libgcc.a(_aeabi_uldivmod.o) (__aeabi_ldiv0)

Allocating common symbols
Common symbol       size              file

nrf_nvic_state      0xc               obj\debug\components\libraries\util\app_util_platform.o
_SEGGER_RTT         0x78              obj\debug\external\segger_rtt\segger_rtt.o

Discarded input sections

 .text          0x00000000        0x0 c:/program files (x86)/embitz/1.11/share/em_armgcc/bin/../lib/gcc/arm-none-eabi/5.4.1/armv7e-m/fpu/crti.o
 .data          0x00000000        0x0 c:/program files (x86)/embitz/1.11/share/em_armgcc/bin/../lib/gcc/arm-none-eabi/5.4.1/armv7e-m/fpu/crti.o
 .bss           0x00000000        0x0 c:/program files (x86)/embitz/1.11/share/em_armgcc/bin/../lib/gcc/arm-none-eabi/5.4.1/armv7e-m/fpu/crti.o
 .data          0x00000000        0x4 c:/program files (x86)/embitz/1.11/share/em_armgcc/bin/../lib/gcc/arm-none-eabi/5.4.1/armv7e-m/fpu/crtbegin.o
 .data          0x00000000        0x0 c:/program files (x86)/embitz/1.11/share/em_armgcc/bin/../lib/gcc/arm-none-eabi/5.4.1/../../../../arm-none-eabi/lib/armv7e-m/fpu/crt0.o
[...]
Memory Configuration

Name             Origin             Length             Attributes
*default*        0x00000000         0xffffffff

Linker script and memory map

LOAD c:/program files (x86)/embitz/1.11/share/em_armgcc/bin/../lib/gcc/arm-none-eabi/5.4.1/armv7e-m/fpu/crti.o
LOAD c:/program files (x86)/embitz/1.11/share/em_armgcc/bin/../lib/gcc/arm-none-eabi/5.4.1/armv7e-m/fpu/crtbegin.o
LOAD c:/program files (x86)/embitz/1.11/share/em_armgcc/bin/../lib/gcc/arm-none-eabi/5.4.1/../../../../arm-none-eabi/lib/armv7e-m/fpu/crt0.o
LOAD obj\debug\components\ble\ble_advertising\ble_advertising.o
LOAD obj\debug\components\ble\ble_services\ble_bas\ble_bas.o
LOAD obj\debug\components\ble\ble_services\ble_dis\ble_dis.o
LOAD obj\debug\components\ble\ble_services\ble_hids\ble_hids.o
LOAD obj\debug\components\ble\common\ble_advdata.o
LOAD obj\debug\components\ble\common\ble_conn_params.o
LOAD obj\debug\components\ble\common\ble_conn_state.o
LOAD obj\debug\components\ble\common\ble_srv_common.o
LOAD obj\debug\components\ble\nrf_ble_gatt\nrf_ble_gatt.o
LOAD obj\debug\components\ble\peer_manager\gatt_cache_manager.o
LOAD obj\debug\components\ble\peer_manager\gatts_cache_manager.o
LOAD obj\debug\components\ble\peer_manager\id_manager.o
LOAD obj\debug\components\ble\peer_manager\peer_data_storage.o
LOAD obj\debug\components\ble\peer_manager\peer_database.o
LOAD obj\debug\components\ble\peer_manager\peer_id.o
LOAD obj\debug\components\ble\peer_manager\peer_manager.o
LOAD obj\debug\components\ble\peer_manager\pm_buffer.o
LOAD obj\debug\components\ble\peer_manager\pm_mutex.o
LOAD obj\debug\components\ble\peer_manager\security_dispatcher.o
LOAD obj\debug\components\ble\peer_manager\security_manager.o
LOAD obj\debug\components\boards\boards.o
LOAD obj\debug\components\drivers_nrf\clock\nrf_drv_clock.o
LOAD obj\debug\components\drivers_nrf\common\nrf_drv_common.o
LOAD obj\debug\components\drivers_nrf\gpiote\nrf_drv_gpiote.o
LOAD obj\debug\components\drivers_nrf\uart\nrf_drv_uart.o
LOAD obj\debug\components\libraries\atomic_fifo\nrf_atfifo.o
LOAD obj\debug\components\libraries\balloc\nrf_balloc.o
LOAD obj\debug\components\libraries\bsp\bsp.o
LOAD obj\debug\components\libraries\bsp\bsp_btn_ble.o
LOAD obj\debug\components\libraries\bsp\bsp_nfc.o
LOAD obj\debug\components\libraries\button\app_button.o
LOAD obj\debug\components\libraries\crc16\crc16.o
LOAD obj\debug\components\libraries\experimental_log\src\nrf_log_backend_rtt.o
LOAD obj\debug\components\libraries\experimental_log\src\nrf_log_backend_serial.o
LOAD obj\debug\components\libraries\experimental_log\src\nrf_log_backend_uart.o
LOAD obj\debug\components\libraries\experimental_log\src\nrf_log_default_backends.o
LOAD obj\debug\components\libraries\experimental_log\src\nrf_log_frontend.o
LOAD obj\debug\components\libraries\experimental_log\src\nrf_log_str_formatter.o
LOAD obj\debug\components\libraries\experimental_memobj\nrf_memobj.o
LOAD obj\debug\components\libraries\experimental_section_vars\nrf_section_iter.o
LOAD obj\debug\components\libraries\fds\fds.o
LOAD obj\debug\components\libraries\fstorage\nrf_fstorage.o
LOAD obj\debug\components\libraries\fstorage\nrf_fstorage_sd.o
LOAD obj\debug\components\libraries\hardfault\hardfault_implementation.o
LOAD obj\debug\components\libraries\pwr_mgmt\nrf_pwr_mgmt.o
LOAD obj\debug\components\libraries\scheduler\app_scheduler.o
LOAD obj\debug\components\libraries\sensorsim\sensorsim.o
LOAD obj\debug\components\libraries\strerror\nrf_strerror.o
LOAD obj\debug\components\libraries\timer\app_timer.o
LOAD obj\debug\components\libraries\util\app_error.o
LOAD obj\debug\components\libraries\util\app_error_weak.o
LOAD obj\debug\components\libraries\util\app_util_platform.o
LOAD obj\debug\components\libraries\util\nrf_assert.o
LOAD obj\debug\components\libraries\util\sdk_mapped_flags.o
LOAD obj\debug\components\softdevice\common\nrf_sdh.o
LOAD obj\debug\components\softdevice\common\nrf_sdh_ble.o
LOAD obj\debug\components\softdevice\common\nrf_sdh_soc.o
LOAD obj\debug\components\toolchain\gcc\gcc_startup_nrf52840.o
LOAD obj\debug\components\toolchain\system_nrf52840.o
LOAD obj\debug\examples\ble_peripheral\ble_app_hids_mouse\main.o
LOAD obj\debug\external\fprintf\nrf_fprintf.o
LOAD obj\debug\external\fprintf\nrf_fprintf_format.o
LOAD obj\debug\external\segger_rtt\segger_rtt.o
LOAD obj\debug\external\segger_rtt\segger_rtt_printf.o
LOAD obj\debug\external\segger_rtt\segger_rtt_syscalls_gcc.o
LOAD c:/program files (x86)/embitz/1.11/share/em_armgcc/bin/../lib/gcc/arm-none-eabi/5.4.1/../../../../arm-none-eabi/lib/armv7e-m/fpu\libc_n.a
LOAD c:/program files (x86)/embitz/1.11/share/em_armgcc/bin/../lib/gcc/arm-none-eabi/5.4.1/../../../../arm-none-eabi/lib/armv7e-m/fpu\libnosys.a
LOAD c:/program files (x86)/embitz/1.11/share/em_armgcc/bin/../lib/gcc/arm-none-eabi/5.4.1/../../../../arm-none-eabi/lib/armv7e-m/fpu\libm.a
START GROUP
LOAD c:/program files (x86)/embitz/1.11/share/em_armgcc/bin/../lib/gcc/arm-none-eabi/5.4.1/armv7e-m/fpu\libgcc.a
LOAD c:/program files (x86)/embitz/1.11/share/em_armgcc/bin/../lib/gcc/arm-none-eabi/5.4.1/../../../../arm-none-eabi/lib/armv7e-m/fpu\libg_n.a
LOAD c:/program files (x86)/embitz/1.11/share/em_armgcc/bin/../lib/gcc/arm-none-eabi/5.4.1/../../../../arm-none-eabi/lib/armv7e-m/fpu\libc_n.a
END GROUP
START GROUP
LOAD c:/program files (x86)/embitz/1.11/share/em_armgcc/bin/../lib/gcc/arm-none-eabi/5.4.1/armv7e-m/fpu\libgcc.a
LOAD c:/program files (x86)/embitz/1.11/share/em_armgcc/bin/../lib/gcc/arm-none-eabi/5.4.1/../../../../arm-none-eabi/lib/armv7e-m/fpu\libc_n.a
LOAD c:/program files (x86)/embitz/1.11/share/em_armgcc/bin/../lib/gcc/arm-none-eabi/5.4.1/../../../../arm-none-eabi/lib/armv7e-m/fpu\libnosys_s.a
END GROUP
START GROUP
LOAD c:/program files (x86)/embitz/1.11/share/em_armgcc/bin/../lib/gcc/arm-none-eabi/5.4.1/armv7e-m/fpu\libgcc.a
LOAD c:/program files (x86)/embitz/1.11/share/em_armgcc/bin/../lib/gcc/arm-none-eabi/5.4.1/../../../../arm-none-eabi/lib/armv7e-m/fpu\libc.a
LOAD c:/program files (x86)/embitz/1.11/share/em_armgcc/bin/../lib/gcc/arm-none-eabi/5.4.1/../../../../arm-none-eabi/lib/armv7e-m/fpu\libnosys.a
END GROUP
LOAD c:/program files (x86)/embitz/1.11/share/em_armgcc/bin/../lib/gcc/arm-none-eabi/5.4.1/armv7e-m/fpu/crtend.o
LOAD c:/program files (x86)/embitz/1.11/share/em_armgcc/bin/../lib/gcc/arm-none-eabi/5.4.1/armv7e-m/fpu/crtn.o
                [!provide]                PROVIDE (__executable_start, 0x8000)
                0x00008000                . = 0x8000

.interp
 *(.interp)

.note.gnu.build-id
 *(.note.gnu.build-id)

.hash
 *(.hash)

.gnu.hash
 *(.gnu.hash)

.dynsym
 *(.dynsym)

.dynstr
 *(.dynstr)

.gnu.version
 *(.gnu.version)

.gnu.version_d
 *(.gnu.version_d)

.gnu.version_r
 *(.gnu.version_r)

.rel.dyn        0x00008000        0x0
 *(.rel.init)
 *(.rel.text .rel.text.* .rel.gnu.linkonce.t.*)
 *(.rel.fini)
 *(.rel.rodata .rel.rodata.* .rel.gnu.linkonce.r.*)
 *(.rel.data.rel.ro .rel.data.rel.ro.* .rel.gnu.linkonce.d.rel.ro.*)
 *(.rel.data .rel.data.* .rel.gnu.linkonce.d.*)
 *(.rel.tdata .rel.tdata.* .rel.gnu.linkonce.td.*)
 *(.rel.tbss .rel.tbss.* .rel.gnu.linkonce.tb.*)
 *(.rel.ctors)
 *(.rel.dtors)
 *(.rel.got)
 *(.rel.bss .rel.bss.* .rel.gnu.linkonce.b.*)
                [!provide]                PROVIDE (__rel_iplt_start, .)
 *(.rel.iplt)
 .rel.iplt      0x00008000        0x0 c:/program files (x86)/embitz/1.11/share/em_armgcc/bin/../lib/gcc/arm-none-eabi/5.4.1/armv7e-m/fpu/crtbegin.o
                [!provide]                PROVIDE (__rel_iplt_end, .)

.rela.dyn       0x00008000        0x0
 *(.rela.init)
 *(.rela.text .rela.text.* .rela.gnu.linkonce.t.*)
 *(.rela.fini)
 *(.rela.rodata .rela.rodata.* .rela.gnu.linkonce.r.*)
 *(.rela.data .rela.data.* .rela.gnu.linkonce.d.*)
 *(.rela.tdata .rela.tdata.* .rela.gnu.linkonce.td.*)
 *(.rela.tbss .rela.tbss.* .rela.gnu.linkonce.tb.*)
 *(.rela.ctors)
 *(.rela.dtors)
 *(.rela.got)
 *(.rela.bss .rela.bss.* .rela.gnu.linkonce.b.*)
                [!provide]                PROVIDE (__rela_iplt_start, .)
 *(.rela.iplt)
                [!provide]                PROVIDE (__rela_iplt_end, .)

.rel.plt
 *(.rel.plt)

.rela.plt
 *(.rela.plt)

.init           0x00008000        0xc
 *(SORT(.init))
 .init          0x00008000        0x4 c:/program files (x86)/embitz/1.11/share/em_armgcc/bin/../lib/gcc/arm-none-eabi/5.4.1/armv7e-m/fpu/crti.o
                0x00008000                _init
 .init          0x00008004        0x8 c:/program files (x86)/embitz/1.11/share/em_armgcc/bin/../lib/gcc/arm-none-eabi/5.4.1/armv7e-m/fpu/crtn.o

.plt
 *(.plt)

.iplt           0x0000800c        0x0
 *(.iplt)
 .iplt          0x0000800c        0x0 c:/program files (x86)/embitz/1.11/share/em_armgcc/bin/../lib/gcc/arm-none-eabi/5.4.1/armv7e-m/fpu/crtbegin.o

.text           0x0000800c     0xa990
 *(.text.unlikely .text.*_unlikely .text.unlikely.*)
 .text.unlikely.sd_ble_uuid_encode
                0x0000800c        0x4 obj\debug\components\ble\ble_services\ble_hids\ble_hids.o
 .text.unlikely.boot_inp_rep_char_add.isra.7.constprop.13
                0x00008010       0xe4 obj\debug\components\ble\ble_services\ble_hids\ble_hids.o
 *(.text.exit .text.exit.*)
 .text.exit     0x000080f4       0x28 c:/program files (x86)/embitz/1.11/share/em_armgcc/bin/../lib/gcc/arm-none-eabi/5.4.1/../../../../arm-none-eabi/lib/armv7e-m/fpu\libc_n.a(lib_a-exit.o)
                0x000080f4                exit
 *(.text.startup .text.startup.*)
 .text.startup.main
                0x0000811c      0x58c obj\debug\examples\ble_peripheral\ble_app_hids_mouse\main.o
                0x0000811c                main
 *(.text.hot .text.hot.*)
 *(.text .stub .text.* .gnu.linkonce.t.*)
 .text          0x000086a8       0x5c c:/program files (x86)/embitz/1.11/share/em_armgcc/bin/../lib/gcc/arm-none-eabi/5.4.1/armv7e-m/fpu/crtbegin.o
 .text          0x00008704       0x74 c:/program files (x86)/embitz/1.11/share/em_armgcc/bin/../lib/gcc/arm-none-eabi/5.4.1/../../../../arm-none-eabi/lib/armv7e-m/fpu/crt0.o
                0x00008704                _start
                0x00008704                _mainCRTStartup
 .text.sd_ble_gap_adv_start
                0x00008778        0x4 obj\debug\components\ble\ble_advertising\ble_advertising.o
 .text.sd_ble_gap_adv_stop
                0x0000877c        0x4 obj\debug\components\ble\ble_advertising\ble_advertising.o
 .text.ble_advertising_start.part.2
                0x00008780      0x204 obj\debug\components\ble\ble_advertising\ble_advertising.o
 .text.ble_advertising_conn_cfg_tag_set
                0x00008984        0x8 obj\debug\components\ble\ble_advertising\ble_advertising.o
                0x00008984                ble_advertising_conn_cfg_tag_set
 .text.ble_advertising_init
                0x0000898c      0x160 obj\debug\components\ble\ble_advertising\ble_advertising.o
                0x0000898c                ble_advertising_init
 .text.ble_advertising_start
                0x00008aec       0x2c obj\debug\components\ble\ble_advertising\ble_advertising.o
                0x00008aec                ble_advertising_start
 .text.ble_advertising_peer_addr_reply
                0x00008b18       0x20 obj\debug\components\ble\ble_advertising\ble_advertising.o
                0x00008b18                ble_advertising_peer_addr_reply
 .text.ble_advertising_whitelist_reply
                0x00008b38       0x2c obj\debug\components\ble\ble_advertising\ble_advertising.o
                0x00008b38                ble_advertising_whitelist_reply
 .text.ble_advertising_restart_without_whitelist
                0x00008b64       0x58 obj\debug\components\ble\ble_advertising\ble_advertising.o
                0x00008b64                ble_advertising_restart_without_whitelist
 .text.sd_ble_gatts_service_add
                0x00008bbc        0x4 obj\debug\components\ble\ble_services\ble_bas\ble_bas.o
 .text.sd_ble_gatts_characteristic_add
                0x00008bc0        0x4 obj\debug\components\ble\ble_services\ble_bas\ble_bas.o
 .text.sd_ble_gatts_descriptor_add
                0x00008bc4        0x4 obj\debug\components\ble\ble_services\ble_bas\ble_bas.o
 .text.sd_ble_gatts_value_set
                0x00008bc8        0x4 obj\debug\components\ble\ble_services\ble_bas\ble_bas.o
 .text.sd_ble_gatts_hvx
                0x00008bcc        0x4 obj\debug\components\ble\ble_services\ble_bas\ble_bas.o
 .text.ble_bas_init
                0x00008bd0      0x1a4 obj\debug\components\ble\ble_services\ble_bas\ble_bas.o
                0x00008bd0                ble_bas_init
 .text.ble_bas_battery_level_update
                0x00008d74       0x90 obj\debug\components\ble\ble_services\ble_bas\ble_bas.o
                0x00008d74                ble_bas_battery_level_update
 .text.sd_ble_gatts_service_add
                0x00008e04        0x4 obj\debug\components\ble\ble_services\ble_dis\ble_dis.o
 .text.sd_ble_gatts_characteristic_add
                0x00008e08        0x4 obj\debug\components\ble\ble_services\ble_dis\ble_dis.o
 .text.char_add
                0x00008e0c       0xb8 obj\debug\components\ble\ble_services\ble_dis\ble_dis.o
 .text.ble_dis_init
                0x00008ec4      0x2cc obj\debug\components\ble\ble_services\ble_dis\ble_dis.o
                0x00008ec4                ble_dis_init
 .text.sd_ble_gatts_service_add
                0x00009190        0x4 obj\debug\components\ble\ble_services\ble_hids\ble_hids.o
 .text.sd_ble_gatts_include_add
                0x00009194        0x4 obj\debug\components\ble\ble_services\ble_hids\ble_hids.o
 .text.sd_ble_gatts_characteristic_add
                0x00009198        0x4 obj\debug\components\ble\ble_services\ble_hids\ble_hids.o
 .text.sd_ble_gatts_descriptor_add
                0x0000919c        0x4 obj\debug\components\ble\ble_services\ble_hids\ble_hids.o
 .text.sd_ble_gatts_hvx
                0x000091a0        0x4 obj\debug\components\ble\ble_services\ble_hids\ble_hids.o
 .text.rep_char_add.isra.9
                0x000091a4      0x168 obj\debug\components\ble\ble_services\ble_hids\ble_hids.o
 .text.ble_hids_init
                0x0000930c      0x658 obj\debug\components\ble\ble_services\ble_hids\ble_hids.o
                0x0000930c                ble_hids_init
 .text.ble_hids_inp_rep_send
                0x00009964       0x74 obj\debug\components\ble\ble_services\ble_hids\ble_hids.o
                0x00009964                ble_hids_inp_rep_send
 .text.ble_hids_boot_mouse_inp_rep_send
                0x000099d8       0x90 obj\debug\components\ble\ble_services\ble_hids\ble_hids.o
                0x000099d8                ble_hids_boot_mouse_inp_rep_send
 .text.sd_ble_gap_addr_get
                0x00009a68        0x4 obj\debug\components\ble\common\ble_advdata.o
 .text.sd_ble_gap_adv_data_set
                0x00009a6c        0x4 obj\debug\components\ble\common\ble_advdata.o
 .text.sd_ble_gap_appearance_get
                0x00009a70        0x4 obj\debug\components\ble\common\ble_advdata.o
 .text.sd_ble_gap_device_name_get
                0x00009a74        0x4 obj\debug\components\ble\common\ble_advdata.o
 .text.sd_ble_uuid_encode
                0x00009a78        0x4 obj\debug\components\ble\common\ble_advdata.o
 .text.uuid_list_sized_encode
                0x00009a7c       0xb8 obj\debug\components\ble\common\ble_advdata.o
 .text.ble_advdata_encode
                0x00009b34      0x3f8 obj\debug\components\ble\common\ble_advdata.o
                0x00009b34                ble_advdata_encode
 .text.ble_advdata_set
                0x00009f2c      0x4dc obj\debug\components\ble\common\ble_advdata.o
                0x00009f2c                ble_advdata_set
 .text.sd_ble_gap_conn_param_update
                0x0000a408        0x4 obj\debug\components\ble\common\ble_conn_params.o
 .text.sd_ble_gap_disconnect
                0x0000a40c        0x4 obj\debug\components\ble\common\ble_conn_params.o
 .text.sd_ble_gap_ppcp_set
                0x0000a410        0x4 obj\debug\components\ble\common\ble_conn_params.o
 .text.sd_ble_gap_ppcp_get
                0x0000a414        0x4 obj\debug\components\ble\common\ble_conn_params.o
 .text.update_timeout_handler
                0x0000a418       0x80 obj\debug\components\ble\common\ble_conn_params.o
 .text.ble_conn_params_init
                0x0000a498       0x7c obj\debug\components\ble\common\ble_conn_params.o
                0x0000a498                ble_conn_params_init
 .text.ble_conn_state_role
                0x0000a514       0x2c obj\debug\components\ble\common\ble_conn_state.o
                0x0000a514                ble_conn_state_role
 .text.ble_conn_state_conn_handles
                0x0000a540       0x18 obj\debug\components\ble\common\ble_conn_state.o
                0x0000a540                ble_conn_state_conn_handles
 .text.ble_conn_state_user_flag_acquire
                0x0000a558       0x30 obj\debug\components\ble\common\ble_conn_state.o
                0x0000a558                ble_conn_state_user_flag_acquire
 .text.ble_conn_state_user_flag_get
                0x0000a588       0x28 obj\debug\components\ble\common\ble_conn_state.o
                0x0000a588                ble_conn_state_user_flag_get
 .text.ble_conn_state_user_flag_set
                0x0000a5b0       0x28 obj\debug\components\ble\common\ble_conn_state.o
                0x0000a5b0                ble_conn_state_user_flag_set
 .text.ble_conn_state_user_flag_collection
                0x0000a5d8       0x24 obj\debug\components\ble\common\ble_conn_state.o
                0x0000a5d8                ble_conn_state_user_flag_collection
 .text.ble_srv_report_ref_encode
                0x0000a5fc        0xc obj\debug\components\ble\common\ble_srv_common.o
                0x0000a5fc                ble_srv_report_ref_encode
 .text.ble_srv_ascii_to_utf8
                0x0000a608       0x14 obj\debug\components\ble\common\ble_srv_common.o
                0x0000a608                ble_srv_ascii_to_utf8
 .text.nrf_ble_gatt_init
                0x0000a61c       0x2c obj\debug\components\ble\nrf_ble_gatt\nrf_ble_gatt.o
                0x0000a61c                nrf_ble_gatt_init
 .text.local_db_apply_in_evt
                0x0000a648       0xb4 obj\debug\components\ble\peer_manager\gatt_cache_manager.o
 .text.pending_flags_check.part.1
                0x0000a6fc      0x208 obj\debug\components\ble\peer_manager\gatt_cache_manager.o
 .text.gcm_pdb_evt_handler
                0x0000a904       0xa8 obj\debug\components\ble\peer_manager\gatt_cache_manager.o
                0x0000a904                gcm_pdb_evt_handler
 .text.gcm_init
                0x0000a9ac       0x5c obj\debug\components\ble\peer_manager\gatt_cache_manager.o
                0x0000a9ac                gcm_init
 .text.gcm_local_database_has_changed
                0x0000aa08       0x74 obj\debug\components\ble\peer_manager\gatt_cache_manager.o
                0x0000aa08                gcm_local_database_has_changed
 .text.sd_ble_gatts_service_changed
                0x0000aa7c        0x4 obj\debug\components\ble\peer_manager\gatts_cache_manager.o
 .text.sd_ble_gatts_sys_attr_set
                0x0000aa80        0x4 obj\debug\components\ble\peer_manager\gatts_cache_manager.o
 .text.sd_ble_gatts_sys_attr_get
                0x0000aa84        0x4 obj\debug\components\ble\peer_manager\gatts_cache_manager.o
 .text.sd_ble_gatts_initial_user_handle_get
                0x0000aa88        0x4 obj\debug\components\ble\peer_manager\gatts_cache_manager.o
 .text.gscm_pdb_evt_handler
                0x0000aa8c       0x54 obj\debug\components\ble\peer_manager\gatts_cache_manager.o
                0x0000aa8c                gscm_pdb_evt_handler
 .text.gscm_init
                0x0000aae0       0x10 obj\debug\components\ble\peer_manager\gatts_cache_manager.o
                0x0000aae0                gscm_init
 .text.gscm_local_db_cache_update
                0x0000aaf0       0x90 obj\debug\components\ble\peer_manager\gatts_cache_manager.o
                0x0000aaf0                gscm_local_db_cache_update
 .text.gscm_local_db_cache_apply
                0x0000ab80       0x84 obj\debug\components\ble\peer_manager\gatts_cache_manager.o
                0x0000ab80                gscm_local_db_cache_apply
 .text.gscm_local_database_has_changed
                0x0000ac04       0x5c obj\debug\components\ble\peer_manager\gatts_cache_manager.o
                0x0000ac04                gscm_local_database_has_changed
 .text.gscm_service_changed_ind_send
                0x0000ac60       0x44 obj\debug\components\ble\peer_manager\gatts_cache_manager.o
                0x0000ac60                gscm_service_changed_ind_send
 .text.gscm_db_change_notification_done
                0x0000aca4       0x24 obj\debug\components\ble\peer_manager\gatts_cache_manager.o
                0x0000aca4                gscm_db_change_notification_done
 .text.sd_ble_gap_whitelist_set
                0x0000acc8        0x4 obj\debug\components\ble\peer_manager\id_manager.o
 .text.sd_ble_gap_device_identities_set
                0x0000accc        0x4 obj\debug\components\ble\peer_manager\id_manager.o
 .text.peers_id_keys_get
                0x0000acd0      0x1f0 obj\debug\components\ble\peer_manager\id_manager.o
 .text.im_init  0x0000aec0       0x34 obj\debug\components\ble\peer_manager\id_manager.o
                0x0000aec0                im_init
 .text.im_peer_id_get_by_conn_handle
                0x0000aef4       0x40 obj\debug\components\ble\peer_manager\id_manager.o
                0x0000aef4                im_peer_id_get_by_conn_handle
 .text.im_ble_addr_get
                0x0000af34       0x54 obj\debug\components\ble\peer_manager\id_manager.o
                0x0000af34                im_ble_addr_get
 .text.im_conn_handle_get
                0x0000af88       0x34 obj\debug\components\ble\peer_manager\id_manager.o
                0x0000af88                im_conn_handle_get
 .text.im_new_peer_id
                0x0000afbc       0x3c obj\debug\components\ble\peer_manager\id_manager.o
                0x0000afbc                im_new_peer_id
 .text.im_peer_free
                0x0000aff8       0x7c obj\debug\components\ble\peer_manager\id_manager.o
                0x0000aff8                im_peer_free
 .text.im_device_identities_list_set
                0x0000b074       0xc4 obj\debug\components\ble\peer_manager\id_manager.o
                0x0000b074                im_device_identities_list_set
 .text.im_whitelist_get
                0x0000b138       0x44 obj\debug\components\ble\peer_manager\id_manager.o
                0x0000b138                im_whitelist_get
 .text.im_whitelist_set
                0x0000b17c       0x9c obj\debug\components\ble\peer_manager\id_manager.o
                0x0000b17c                im_whitelist_set
 .text.peer_data_delete
                0x0000b218       0x9c obj\debug\components\ble\peer_manager\peer_data_storage.o
 .text.fds_evt_handler
                0x0000b2b4      0x104 obj\debug\components\ble\peer_manager\peer_data_storage.o
 .text.pds_init
                0x0000b3b8       0x68 obj\debug\components\ble\peer_manager\peer_data_storage.o
                0x0000b3b8                pds_init
 .text.pds_peer_data_read
                0x0000b420       0x84 obj\debug\components\ble\peer_manager\peer_data_storage.o
                0x0000b420                pds_peer_data_read
 .text.pds_space_reserve
                0x0000b4a4       0x34 obj\debug\components\ble\peer_manager\peer_data_storage.o
                0x0000b4a4                pds_space_reserve
 .text.pds_space_reserve_cancel
                0x0000b4d8       0x20 obj\debug\components\ble\peer_manager\peer_data_storage.o
                0x0000b4d8                pds_space_reserve_cancel
 .text.pds_peer_data_store
                0x0000b4f8       0xb4 obj\debug\components\ble\peer_manager\peer_data_storage.o
                0x0000b4f8                pds_peer_data_store
 .text.pds_peer_id_allocate
                0x0000b5ac        0x8 obj\debug\components\ble\peer_manager\peer_data_storage.o
                0x0000b5ac                pds_peer_id_allocate
 .text.pds_peer_id_free
                0x0000b5b4       0x18 obj\debug\components\ble\peer_manager\peer_data_storage.o
                0x0000b5b4                pds_peer_id_free
 .text.pds_peer_id_is_allocated
                0x0000b5cc        0x4 obj\debug\components\ble\peer_manager\peer_data_storage.o
                0x0000b5cc                pds_peer_id_is_allocated
 .text.pds_next_peer_id_get
                0x0000b5d0        0x4 obj\debug\components\ble\peer_manager\peer_data_storage.o
                0x0000b5d0                pds_next_peer_id_get
 .text.pds_next_deleted_peer_id_get
                0x0000b5d4        0x4 obj\debug\components\ble\peer_manager\peer_data_storage.o
                0x0000b5d4                pds_next_deleted_peer_id_get
 .text.write_buffer_record_find
                0x0000b5d8       0x90 obj\debug\components\ble\peer_manager\peer_database.o
 .text.write_buf_store
                0x0000b668       0xe8 obj\debug\components\ble\peer_manager\peer_database.o
                0x0000b668                write_buf_store
 .text.pdb_pds_evt_handler
                0x0000b750      0x12c obj\debug\components\ble\peer_manager\peer_database.o
                0x0000b750                pdb_pds_evt_handler
 .text.pdb_init
                0x0000b87c       0x74 obj\debug\components\ble\peer_manager\peer_database.o
                0x0000b87c                pdb_init
 .text.pdb_peer_allocate
                0x0000b8f0        0x4 obj\debug\components\ble\peer_manager\peer_database.o
                0x0000b8f0                pdb_peer_allocate
 .text.pdb_peer_free
                0x0000b8f4      0x17c obj\debug\components\ble\peer_manager\peer_database.o
                0x0000b8f4                pdb_peer_free
 .text.pdb_peer_data_ptr_get
                0x0000ba70        0x8 obj\debug\components\ble\peer_manager\peer_database.o
                0x0000ba70                pdb_peer_data_ptr_get
 .text.pdb_write_buf_get
                0x0000ba78      0x16c obj\debug\components\ble\peer_manager\peer_database.o
                0x0000ba78                pdb_write_buf_get
 .text.pdb_write_buf_release
                0x0000bbe4       0xdc obj\debug\components\ble\peer_manager\peer_database.o
                0x0000bbe4                pdb_write_buf_release
 .text.pdb_write_buf_store_prepare
                0x0000bcc0       0xe4 obj\debug\components\ble\peer_manager\peer_database.o
                0x0000bcc0                pdb_write_buf_store_prepare
 .text.pdb_write_buf_store
                0x0000bda4       0x9c obj\debug\components\ble\peer_manager\peer_database.o
                0x0000bda4                pdb_write_buf_store
 .text.pdb_next_peer_id_get
                0x0000be40        0x4 obj\debug\components\ble\peer_manager\peer_database.o
                0x0000be40                pdb_next_peer_id_get
 .text.pdb_next_deleted_peer_id_get
                0x0000be44        0x4 obj\debug\components\ble\peer_manager\peer_database.o
                0x0000be44                pdb_next_deleted_peer_id_get
 .text.pdb_peer_data_load
                0x0000be48       0x18 obj\debug\components\ble\peer_manager\peer_database.o
                0x0000be48                pdb_peer_data_load
 .text.pdb_raw_store
                0x0000be60        0x8 obj\debug\components\ble\peer_manager\peer_database.o
                0x0000be60                pdb_raw_store
 .text.peer_id_init
                0x0000be68       0x2c obj\debug\components\ble\peer_manager\peer_id.o
                0x0000be68                peer_id_init
 .text.peer_id_allocate
                0x0000be94       0x40 obj\debug\components\ble\peer_manager\peer_id.o
                0x0000be94                peer_id_allocate
 .text.peer_id_delete
                0x0000bed4       0x28 obj\debug\components\ble\peer_manager\peer_id.o
                0x0000bed4                peer_id_delete
 .text.peer_id_free
                0x0000befc       0x28 obj\debug\components\ble\peer_manager\peer_id.o
                0x0000befc                peer_id_free
 .text.peer_id_is_allocated
                0x0000bf24       0x14 obj\debug\components\ble\peer_manager\peer_id.o
                0x0000bf24                peer_id_is_allocated
 .text.peer_id_get_next_used
                0x0000bf38       0x68 obj\debug\components\ble\peer_manager\peer_id.o
                0x0000bf38                peer_id_get_next_used
 .text.peer_id_get_next_deleted
                0x0000bfa0       0x3c obj\debug\components\ble\peer_manager\peer_id.o
                0x0000bfa0                peer_id_get_next_deleted
 .text.rank_vars_update
                0x0000bfdc       0x9c obj\debug\components\ble\peer_manager\peer_manager.o
 .text.pm_pdb_evt_handler
                0x0000c078      0x1c0 obj\debug\components\ble\peer_manager\peer_manager.o
                0x0000c078                pm_pdb_evt_handler
 .text.pm_sm_evt_handler
                0x0000c238       0x50 obj\debug\components\ble\peer_manager\peer_manager.o
                0x0000c238                pm_sm_evt_handler
 .text.pm_gcm_evt_handler
                0x0000c288       0x28 obj\debug\components\ble\peer_manager\peer_manager.o
                0x0000c288                pm_gcm_evt_handler
 .text.pm_init  0x0000c2b0       0x7c obj\debug\components\ble\peer_manager\peer_manager.o
                0x0000c2b0                pm_init
 .text.pm_register
                0x0000c32c       0x38 obj\debug\components\ble\peer_manager\peer_manager.o
                0x0000c32c                pm_register
 .text.pm_sec_params_set
                0x0000c364       0x14 obj\debug\components\ble\peer_manager\peer_manager.o
                0x0000c364                pm_sec_params_set
 .text.pm_conn_sec_config_reply
                0x0000c378        0x8 obj\debug\components\ble\peer_manager\peer_manager.o
                0x0000c378                pm_conn_sec_config_reply
 .text.pm_local_database_has_changed
                0x0000c380       0x10 obj\debug\components\ble\peer_manager\peer_manager.o
                0x0000c380                pm_local_database_has_changed
 .text.pm_whitelist_set
                0x0000c390       0x14 obj\debug\components\ble\peer_manager\peer_manager.o
                0x0000c390                pm_whitelist_set
 .text.pm_whitelist_get
                0x0000c3a4       0x30 obj\debug\components\ble\peer_manager\peer_manager.o
                0x0000c3a4                pm_whitelist_get
 .text.pm_device_identities_list_set
                0x0000c3d4       0x14 obj\debug\components\ble\peer_manager\peer_manager.o
                0x0000c3d4                pm_device_identities_list_set
 .text.pm_next_peer_id_get
                0x0000c3e8       0x14 obj\debug\components\ble\peer_manager\peer_manager.o
                0x0000c3e8                pm_next_peer_id_get
 .text.pm_peer_data_bonding_load
                0x0000c3fc       0x44 obj\debug\components\ble\peer_manager\peer_manager.o
                0x0000c3fc                pm_peer_data_bonding_load
 .text.pm_peers_delete
                0x0000c440       0xa8 obj\debug\components\ble\peer_manager\peer_manager.o
                0x0000c440                pm_peers_delete
 .text.pm_buffer_init
                0x0000c4e8       0x54 obj\debug\components\ble\peer_manager\pm_buffer.o
                0x0000c4e8                pm_buffer_init
 .text.pm_buffer_block_acquire
                0x0000c53c       0x98 obj\debug\components\ble\peer_manager\pm_buffer.o
                0x0000c53c                pm_buffer_block_acquire
 .text.pm_buffer_ptr_get
                0x0000c5d4       0x30 obj\debug\components\ble\peer_manager\pm_buffer.o
                0x0000c5d4                pm_buffer_ptr_get
 .text.pm_buffer_release
                0x0000c604       0x30 obj\debug\components\ble\peer_manager\pm_buffer.o
                0x0000c604                pm_buffer_release
 .text.pm_mutex_init
                0x0000c634       0x10 obj\debug\components\ble\peer_manager\pm_mutex.o
                0x0000c634                pm_mutex_init
 .text.pm_mutex_lock
                0x0000c644       0x54 obj\debug\components\ble\peer_manager\pm_mutex.o
                0x0000c644                pm_mutex_lock
 .text.pm_mutex_unlock
                0x0000c698       0x40 obj\debug\components\ble\peer_manager\pm_mutex.o
                0x0000c698                pm_mutex_unlock
 .text.pm_mutex_lock_first_available
                0x0000c6d8       0x74 obj\debug\components\ble\peer_manager\pm_mutex.o
                0x0000c6d8                pm_mutex_lock_first_available
 .text.pm_mutex_lock_status_get
                0x0000c74c       0x20 obj\debug\components\ble\peer_manager\pm_mutex.o
                0x0000c74c                pm_mutex_lock_status_get
 .text.sd_ble_gap_authenticate
                0x0000c76c        0x4 obj\debug\components\ble\peer_manager\security_dispatcher.o
 .text.sd_ble_gap_sec_params_reply
                0x0000c770        0x4 obj\debug\components\ble\peer_manager\security_dispatcher.o
 .text.smd_conn_sec_config_reply
                0x0000c774       0x10 obj\debug\components\ble\peer_manager\security_dispatcher.o
                0x0000c774                smd_conn_sec_config_reply
 .text.smd_init
                0x0000c784       0xb4 obj\debug\components\ble\peer_manager\security_dispatcher.o
                0x0000c784                smd_init
 .text.smd_params_reply
                0x0000c838      0x1b4 obj\debug\components\ble\peer_manager\security_dispatcher.o
                0x0000c838                smd_params_reply
 .text.smd_link_secure
                0x0000c9ec       0x28 obj\debug\components\ble\peer_manager\security_dispatcher.o
                0x0000c9ec                smd_link_secure
 .text.link_secure
                0x0000ca14      0x1c4 obj\debug\components\ble\peer_manager\security_manager.o
 .text.smd_params_reply_perform
                0x0000cbd8      0x164 obj\debug\components\ble\peer_manager\security_manager.o
 .text.sm_smd_evt_handler
                0x0000cd3c       0x58 obj\debug\components\ble\peer_manager\security_manager.o
                0x0000cd3c                sm_smd_evt_handler
 .text.sm_pdb_evt_handler
                0x0000cd94      0x190 obj\debug\components\ble\peer_manager\security_manager.o
                0x0000cd94                sm_pdb_evt_handler
 .text.sm_init  0x0000cf24       0xa4 obj\debug\components\ble\peer_manager\security_manager.o
                0x0000cf24                sm_init
 .text.sm_sec_params_set
                0x0000cfc8       0x84 obj\debug\components\ble\peer_manager\security_manager.o
                0x0000cfc8                sm_sec_params_set
 .text.sm_conn_sec_config_reply
                0x0000d04c        0x4 obj\debug\components\ble\peer_manager\security_manager.o
                0x0000d04c                sm_conn_sec_config_reply
 .text.bsp_board_led_state_get
                0x0000d050       0x2c obj\debug\components\boards\boards.o
                0x0000d050                bsp_board_led_state_get
 .text.bsp_board_led_on
                0x0000d07c       0x28 obj\debug\components\boards\boards.o
                0x0000d07c                bsp_board_led_on
 .text.bsp_board_led_off
                0x0000d0a4       0x28 obj\debug\components\boards\boards.o
                0x0000d0a4                bsp_board_led_off
 .text.bsp_board_leds_off
                0x0000d0cc       0x2c obj\debug\components\boards\boards.o
                0x0000d0cc                bsp_board_leds_off
 .text.bsp_board_leds_on
                0x0000d0f8       0x2c obj\debug\components\boards\boards.o
                0x0000d0f8                bsp_board_leds_on
 .text.bsp_board_led_invert
                0x0000d124       0x40 obj\debug\components\boards\boards.o
                0x0000d124                bsp_board_led_invert
 .text.bsp_board_leds_init
                0x0000d164       0x3c obj\debug\components\boards\boards.o
                0x0000d164                bsp_board_leds_init
 .text.bsp_board_button_state_get
                0x0000d1a0       0x2c obj\debug\components\boards\boards.o
                0x0000d1a0                bsp_board_button_state_get
 .text.bsp_board_pin_to_button_idx
                0x0000d1cc       0x24 obj\debug\components\boards\boards.o
                0x0000d1cc                bsp_board_pin_to_button_idx
 .text.bsp_board_button_idx_to_pin
                0x0000d1f0        0xc obj\debug\components\boards\boards.o
                0x0000d1f0                bsp_board_button_idx_to_pin
 .text.nrf_drv_common_irq_enable
                0x0000d1fc       0x50 obj\debug\components\drivers_nrf\common\nrf_drv_common.o
                0x0000d1fc                nrf_drv_common_irq_enable
 .text.nrf_drv_gpiote_init
                0x0000d24c       0x8c obj\debug\components\drivers_nrf\gpiote\nrf_drv_gpiote.o
                0x0000d24c                nrf_drv_gpiote_init
 .text.nrf_drv_gpiote_is_init
                0x0000d2d8       0x14 obj\debug\components\drivers_nrf\gpiote\nrf_drv_gpiote.o
                0x0000d2d8                nrf_drv_gpiote_is_init
 .text.nrf_drv_gpiote_in_init
                0x0000d2ec      0x1b0 obj\debug\components\drivers_nrf\gpiote\nrf_drv_gpiote.o
                0x0000d2ec                nrf_drv_gpiote_in_init
 .text.nrf_drv_gpiote_in_event_enable
                0x0000d49c       0xf8 obj\debug\components\drivers_nrf\gpiote\nrf_drv_gpiote.o
                0x0000d49c                nrf_drv_gpiote_in_event_enable
 .text.nrf_drv_gpiote_in_is_set
                0x0000d594       0x20 obj\debug\components\drivers_nrf\gpiote\nrf_drv_gpiote.o
                0x0000d594                nrf_drv_gpiote_in_is_set
 .text.nrf_drv_uart_init
                0x0000d5b4      0x26c obj\debug\components\drivers_nrf\uart\nrf_drv_uart.o
                0x0000d5b4                nrf_drv_uart_init
 .text.nrf_drv_uart_uninit
                0x0000d820      0x13c obj\debug\components\drivers_nrf\uart\nrf_drv_uart.o
                0x0000d820                nrf_drv_uart_uninit
 .text.nrf_drv_uart_tx
                0x0000d95c      0x158 obj\debug\components\drivers_nrf\uart\nrf_drv_uart.o
                0x0000d95c                nrf_drv_uart_tx
 .text.nrf_atfifo_init
                0x0000dab4       0x30 obj\debug\components\libraries\atomic_fifo\nrf_atfifo.o
                0x0000dab4                nrf_atfifo_init
 .text.nrf_atfifo_clear
                0x0000dae4       0x44 obj\debug\components\libraries\atomic_fifo\nrf_atfifo.o
                0x0000dae4                nrf_atfifo_clear
 .text.nrf_atfifo_item_alloc
                0x0000db28       0x5c obj\debug\components\libraries\atomic_fifo\nrf_atfifo.o
                0x0000db28                nrf_atfifo_item_alloc
 .text.nrf_atfifo_item_put
                0x0000db84       0x20 obj\debug\components\libraries\atomic_fifo\nrf_atfifo.o
                0x0000db84                nrf_atfifo_item_put
 .text.nrf_atfifo_item_get
                0x0000dba4       0x60 obj\debug\components\libraries\atomic_fifo\nrf_atfifo.o
                0x0000dba4                nrf_atfifo_item_get
 .text.nrf_atfifo_item_free
                0x0000dc04       0x20 obj\debug\components\libraries\atomic_fifo\nrf_atfifo.o
                0x0000dc04                nrf_atfifo_item_free
 .text.nrf_balloc_init
                0x0000dc24       0x38 obj\debug\components\libraries\balloc\nrf_balloc.o
                0x0000dc24                nrf_balloc_init
 .text.nrf_balloc_alloc
                0x0000dc5c       0x50 obj\debug\components\libraries\balloc\nrf_balloc.o
                0x0000dc5c                nrf_balloc_alloc
 .text.nrf_balloc_free
                0x0000dcac       0x38 obj\debug\components\libraries\balloc\nrf_balloc.o
                0x0000dcac                nrf_balloc_free
 .text.alert_timer_handler
                0x0000dce4        0x8 obj\debug\components\libraries\bsp\bsp.o
 .text.bsp_button_event_handler
                0x0000dcec       0xa4 obj\debug\components\libraries\bsp\bsp.o
 .text.button_timer_handler
                0x0000dd90       0x30 obj\debug\components\libraries\bsp\bsp.o
 .text.leds_timer_handler
                0x0000ddc0      0x2e8 obj\debug\components\libraries\bsp\bsp.o
 .text.bsp_button_is_pressed
                0x0000e0a8        0x4 obj\debug\components\libraries\bsp\bsp.o
                0x0000e0a8                bsp_button_is_pressed
 .text.bsp_indication_set
                0x0000e0ac      0x32c obj\debug\components\libraries\bsp\bsp.o
                0x0000e0ac                bsp_indication_set
 .text.bsp_init
                0x0000e3d8       0xac obj\debug\components\libraries\bsp\bsp.o
                0x0000e3d8                bsp_init
 .text.bsp_event_to_button_action_assign
                0x0000e484       0x50 obj\debug\components\libraries\bsp\bsp.o
                0x0000e484                bsp_event_to_button_action_assign
 .text.bsp_wakeup_button_enable
                0x0000e4d4       0x38 obj\debug\components\libraries\bsp\bsp.o
                0x0000e4d4                bsp_wakeup_button_enable
 .text.bsp_btn_ble_sleep_mode_prepare
                0x0000e50c       0x24 obj\debug\components\libraries\bsp\bsp_btn_ble.o
                0x0000e50c                bsp_btn_ble_sleep_mode_prepare
 .text.bsp_btn_ble_init
                0x0000e530       0x70 obj\debug\components\libraries\bsp\bsp_btn_ble.o
                0x0000e530                bsp_btn_ble_init
 .text.detection_delay_timeout_handler
                0x0000e5a0       0xa8 obj\debug\components\libraries\button\app_button.o
 .text.gpiote_event_handler
                0x0000e648       0x5c obj\debug\components\libraries\button\app_button.o
 .text.app_button_init
                0x0000e6a4       0xb0 obj\debug\components\libraries\button\app_button.o
                0x0000e6a4                app_button_init
 .text.app_button_enable
                0x0000e754       0x2c obj\debug\components\libraries\button\app_button.o
                0x0000e754                app_button_enable
 .text.nrf_log_backend_serial_put
                0x0000e780       0xe0 obj\debug\components\libraries\experimental_log\src\nrf_log_backend_serial.o
                0x0000e780                nrf_log_backend_serial_put
 .text.uart_evt_handler
                0x0000e860        0xc obj\debug\components\libraries\experimental_log\src\nrf_log_backend_uart.o
 .text.nrf_log_backend_uart_flush
                0x0000e86c        0x4 obj\debug\components\libraries\experimental_log\src\nrf_log_backend_uart.o
 .text.nrf_log_backend_uart_panic_set
                0x0000e870       0x54 obj\debug\components\libraries\experimental_log\src\nrf_log_backend_uart.o
 .text.nrf_log_backend_uart_put
                0x0000e8c4       0x20 obj\debug\components\libraries\experimental_log\src\nrf_log_backend_uart.o
 .text.serial_tx
                0x0000e8e4       0x34 obj\debug\components\libraries\experimental_log\src\nrf_log_backend_uart.o
 .text.nrf_log_backend_uart_init
                0x0000e918       0x54 obj\debug\components\libraries\experimental_log\src\nrf_log_backend_uart.o
                0x0000e918                nrf_log_backend_uart_init
 .text.nrf_log_default_backends_init
                0x0000e96c       0x1c obj\debug\components\libraries\experimental_log\src\nrf_log_default_backends.o
                0x0000e96c                nrf_log_default_backends_init
 .text.nrf_log_init
                0x0000e988       0x58 obj\debug\components\libraries\experimental_log\src\nrf_log_frontend.o
                0x0000e988                nrf_log_init
 .text.nrf_log_module_name_get
                0x0000e9e0       0x58 obj\debug\components\libraries\experimental_log\src\nrf_log_frontend.o
                0x0000e9e0                nrf_log_module_name_get
 .text.nrf_log_color_id_get
                0x0000ea38       0x2c obj\debug\components\libraries\experimental_log\src\nrf_log_frontend.o
                0x0000ea38                nrf_log_color_id_get
 .text.nrf_log_frontend_dequeue
                0x0000ea64      0x22c obj\debug\components\libraries\experimental_log\src\nrf_log_frontend.o
                0x0000ea64                nrf_log_frontend_dequeue
 .text.nrf_log_frontend_std_0
                0x0000ec90      0x17c obj\debug\components\libraries\experimental_log\src\nrf_log_frontend.o
                0x0000ec90                nrf_log_frontend_std_0
 .text.nrf_log_frontend_std_1
                0x0000ee0c      0x190 obj\debug\components\libraries\experimental_log\src\nrf_log_frontend.o
                0x0000ee0c                nrf_log_frontend_std_1
 .text.nrf_log_frontend_std_2
                0x0000ef9c      0x1a0 obj\debug\components\libraries\experimental_log\src\nrf_log_frontend.o
                0x0000ef9c                nrf_log_frontend_std_2
 .text.nrf_log_frontend_std_3
                0x0000f13c      0x1ac obj\debug\components\libraries\experimental_log\src\nrf_log_frontend.o
                0x0000f13c                nrf_log_frontend_std_3
 .text.nrf_log_backend_add
                0x0000f2e8       0x58 obj\debug\components\libraries\experimental_log\src\nrf_log_frontend.o
                0x0000f2e8                nrf_log_backend_add
 .text.nrf_log_panic
                0x0000f340       0x28 obj\debug\components\libraries\experimental_log\src\nrf_log_frontend.o
                0x0000f340                nrf_log_panic
 .text.nrf_log_std_entry_process
                0x0000f368      0x130 obj\debug\components\libraries\experimental_log\src\nrf_log_str_formatter.o
                0x0000f368                nrf_log_std_entry_process
 .text.nrf_log_hexdump_entry_process
                0x0000f498      0x124 obj\debug\components\libraries\experimental_log\src\nrf_log_str_formatter.o
                0x0000f498                nrf_log_hexdump_entry_process
 .text.nrf_memobj_pool_init
                0x0000f5bc        0x4 obj\debug\components\libraries\experimental_memobj\nrf_memobj.o
                0x0000f5bc                nrf_memobj_pool_init
 .text.nrf_memobj_alloc
                0x0000f5c0       0x8c obj\debug\components\libraries\experimental_memobj\nrf_memobj.o
                0x0000f5c0                nrf_memobj_alloc
 .text.nrf_memobj_get
                0x0000f64c       0x20 obj\debug\components\libraries\experimental_memobj\nrf_memobj.o
                0x0000f64c                nrf_memobj_get
 .text.nrf_memobj_put
                0x0000f66c       0x4c obj\debug\components\libraries\experimental_memobj\nrf_memobj.o
                0x0000f66c                nrf_memobj_put
 .text.nrf_memobj_write
                0x0000f6b8       0x5c obj\debug\components\libraries\experimental_memobj\nrf_memobj.o
                0x0000f6b8                nrf_memobj_write
 .text.nrf_memobj_read
                0x0000f714       0x5c obj\debug\components\libraries\experimental_memobj\nrf_memobj.o
                0x0000f714                nrf_memobj_read
 .text.nrf_section_iter_init
                0x0000f770       0x14 obj\debug\components\libraries\experimental_section_vars\nrf_section_iter.o
                0x0000f770                nrf_section_iter_init
 .text.nrf_section_iter_next
                0x0000f784       0x18 obj\debug\components\libraries\experimental_section_vars\nrf_section_iter.o
                0x0000f784                nrf_section_iter_next
 .text.gc_record_find_next
                0x0000f79c       0xec obj\debug\components\libraries\fds\fds.o
 .text.record_find_by_desc
                0x0000f888       0xf0 obj\debug\components\libraries\fds\fds.o
 .text.queue_process
                0x0000f978      0x784 obj\debug\components\libraries\fds\fds.o
 .text.fs_event_handler
                0x000100fc        0x8 obj\debug\components\libraries\fds\fds.o
 .text.write_enqueue.part.6
                0x00010104      0x15c obj\debug\components\libraries\fds\fds.o
 .text.fds_register
                0x00010260       0x3c obj\debug\components\libraries\fds\fds.o
                0x00010260                fds_register
 .text.fds_init
                0x0001029c      0x390 obj\debug\components\libraries\fds\fds.o
                0x0001029c                fds_init
 .text.fds_record_open
                0x0001062c       0x5c obj\debug\components\libraries\fds\fds.o
                0x0001062c                fds_record_open
 .text.fds_record_close
                0x00010688       0x4c obj\debug\components\libraries\fds\fds.o
                0x00010688                fds_record_close
 .text.fds_reserve
                0x000106d4       0x84 obj\debug\components\libraries\fds\fds.o
                0x000106d4                fds_reserve
 .text.fds_reserve_cancel
                0x00010758       0x58 obj\debug\components\libraries\fds\fds.o
                0x00010758                fds_reserve_cancel
 .text.fds_record_write
                0x000107b0       0x44 obj\debug\components\libraries\fds\fds.o
                0x000107b0                fds_record_write
 .text.fds_record_write_reserved
                0x000107f4       0x44 obj\debug\components\libraries\fds\fds.o
                0x000107f4                fds_record_write_reserved
 .text.fds_record_update
                0x00010838       0x48 obj\debug\components\libraries\fds\fds.o
                0x00010838                fds_record_update
 .text.fds_file_delete
                0x00010880       0x78 obj\debug\components\libraries\fds\fds.o
                0x00010880                fds_file_delete
 .text.fds_gc   0x000108f8       0x78 obj\debug\components\libraries\fds\fds.o
                0x000108f8                fds_gc
 .text.fds_record_find
                0x00010970       0xe8 obj\debug\components\libraries\fds\fds.o
                0x00010970                fds_record_find
 .text.fds_record_find_by_key
                0x00010a58       0xd4 obj\debug\components\libraries\fds\fds.o
                0x00010a58                fds_record_find_by_key
 .text.fds_record_find_in_file
                0x00010b2c       0xd8 obj\debug\components\libraries\fds\fds.o
                0x00010b2c                fds_record_find_in_file
 .text.fds_record_id_from_desc
                0x00010c04       0x10 obj\debug\components\libraries\fds\fds.o
                0x00010c04                fds_record_id_from_desc
 .text.nrf_fstorage_init
                0x00010c14       0x10 obj\debug\components\libraries\fstorage\nrf_fstorage.o
                0x00010c14                nrf_fstorage_init
 .text.nrf_fstorage_write
                0x00010c24       0x70 obj\debug\components\libraries\fstorage\nrf_fstorage.o
                0x00010c24                nrf_fstorage_write
 .text.nrf_fstorage_erase
                0x00010c94       0x48 obj\debug\components\libraries\fstorage\nrf_fstorage.o
                0x00010c94                nrf_fstorage_erase
 .text.nrf_fstorage_is_busy
                0x00010cdc       0x4c obj\debug\components\libraries\fstorage\nrf_fstorage.o
                0x00010cdc                nrf_fstorage_is_busy
 .text.sd_flash_write
                0x00010d28        0x4 obj\debug\components\libraries\fstorage\nrf_fstorage_sd.o
 .text.sd_flash_page_erase
                0x00010d2c        0x4 obj\debug\components\libraries\fstorage\nrf_fstorage_sd.o
 .text.rmap     0x00010d30        0x4 obj\debug\components\libraries\fstorage\nrf_fstorage_sd.o
 .text.wmap     0x00010d34        0x4 obj\debug\components\libraries\fstorage\nrf_fstorage_sd.o
 .text.is_busy  0x00010d38       0x10 obj\debug\components\libraries\fstorage\nrf_fstorage_sd.o
 .text.read     0x00010d48       0x10 obj\debug\components\libraries\fstorage\nrf_fstorage_sd.o
 .text.uninit   0x00010d58       0x20 obj\debug\components\libraries\fstorage\nrf_fstorage_sd.o
 .text.init     0x00010d78       0x44 obj\debug\components\libraries\fstorage\nrf_fstorage_sd.o
 .text.queue_process
                0x00010dbc       0xe8 obj\debug\components\libraries\fstorage\nrf_fstorage_sd.o
 .text.nrf_fstorage_sys_evt_handler
                0x00010ea4       0xe8 obj\debug\components\libraries\fstorage\nrf_fstorage_sd.o
                0x00010ea4                nrf_fstorage_sys_evt_handler
 .text.erase    0x00010f8c       0x80 obj\debug\components\libraries\fstorage\nrf_fstorage_sd.o
 .text.write    0x0001100c       0x84 obj\debug\components\libraries\fstorage\nrf_fstorage_sd.o
 .text.app_sched_init
                0x00011090       0x4c obj\debug\components\libraries\scheduler\app_scheduler.o
                0x00011090                app_sched_init
 .text.app_sched_execute
                0x000110dc       0x7c obj\debug\components\libraries\scheduler\app_scheduler.o
                0x000110dc                app_sched_execute
 .text.sensorsim_init
                0x00011158       0x1c obj\debug\components\libraries\sensorsim\sensorsim.o
                0x00011158                sensorsim_init
 .text.sensorsim_measure
                0x00011174       0x4c obj\debug\components\libraries\sensorsim\sensorsim.o
                0x00011174                sensorsim_measure
 .text.nrf_strerror_get
                0x000111c0       0x6c obj\debug\components\libraries\strerror\nrf_strerror.o
                0x000111c0                nrf_strerror_get
 .text.app_timer_init
                0x0001122c      0x184 obj\debug\components\libraries\timer\app_timer.o
                0x0001122c                app_timer_init
 .text.app_timer_create
                0x000113b0       0x24 obj\debug\components\libraries\timer\app_timer.o
                0x000113b0                app_timer_create
 .text.app_timer_start
                0x000113d4       0xac obj\debug\components\libraries\timer\app_timer.o
                0x000113d4                app_timer_start
 .text.app_timer_stop
                0x00011480       0x78 obj\debug\components\libraries\timer\app_timer.o
                0x00011480                app_timer_stop
 .text.app_error_handler_bare
                0x000114f8       0x20 obj\debug\components\libraries\util\app_error.o
                0x000114f8                app_error_handler_bare
 .text.app_error_fault_handler
                0x00011518       0x68 obj\debug\components\libraries\util\app_error_weak.o
                0x00011518                app_error_fault_handler
 .text.app_util_critical_region_enter
                0x00011580       0x50 obj\debug\components\libraries\util\app_util_platform.o
                0x00011580                app_util_critical_region_enter
 .text.app_util_critical_region_exit
                0x000115d0       0x30 obj\debug\components\libraries\util\app_util_platform.o
                0x000115d0                app_util_critical_region_exit
 .text.sdk_mapped_flags_update_by_key
                0x00011600       0x3c obj\debug\components\libraries\util\sdk_mapped_flags.o
                0x00011600                sdk_mapped_flags_update_by_key
 .text.sdk_mapped_flags_get_by_key
                0x0001163c       0x30 obj\debug\components\libraries\util\sdk_mapped_flags.o
                0x0001163c                sdk_mapped_flags_get_by_key
 .text.sdk_mapped_flags_key_list_get
                0x0001166c       0x34 obj\debug\components\libraries\util\sdk_mapped_flags.o
                0x0001166c                sdk_mapped_flags_key_list_get
 .text.sd_softdevice_enable
                0x000116a0        0x4 obj\debug\components\softdevice\common\nrf_sdh.o
 .text.sd_softdevice_disable
                0x000116a4        0x4 obj\debug\components\softdevice\common\nrf_sdh.o
 .text.nrf_sdh_enable_request
                0x000116a8       0xec obj\debug\components\softdevice\common\nrf_sdh.o
                0x000116a8                nrf_sdh_enable_request
 .text.nrf_sdh_request_continue
                0x00011794       0xc4 obj\debug\components\softdevice\common\nrf_sdh.o
                0x00011794                nrf_sdh_request_continue
 .text.nrf_sdh_is_enabled
                0x00011858        0xc obj\debug\components\softdevice\common\nrf_sdh.o
                0x00011858                nrf_sdh_is_enabled
 .text.sd_ble_enable
                0x00011864        0x4 obj\debug\components\softdevice\common\nrf_sdh_ble.o
 .text.sd_ble_cfg_set
                0x00011868        0x4 obj\debug\components\softdevice\common\nrf_sdh_ble.o
 .text.nrf_sdh_ble_default_cfg_set
                0x0001186c      0x168 obj\debug\components\softdevice\common\nrf_sdh_ble.o
                0x0001186c                nrf_sdh_ble_default_cfg_set
 .text.nrf_sdh_ble_enable
                0x000119d4       0x74 obj\debug\components\softdevice\common\nrf_sdh_ble.o
                0x000119d4                nrf_sdh_ble_enable
 .text.sd_power_system_off
                0x00011a48        0x4 obj\debug\examples\ble_peripheral\ble_app_hids_mouse\main.o
 .text.sd_app_evt_wait
                0x00011a4c        0x4 obj\debug\examples\ble_peripheral\ble_app_hids_mouse\main.o
 .text.sd_ble_gap_disconnect
                0x00011a50        0x4 obj\debug\examples\ble_peripheral\ble_app_hids_mouse\main.o
 .text.sd_ble_gap_appearance_set
                0x00011a54        0x4 obj\debug\examples\ble_peripheral\ble_app_hids_mouse\main.o
 .text.sd_ble_gap_ppcp_set
                0x00011a58        0x4 obj\debug\examples\ble_peripheral\ble_app_hids_mouse\main.o
 .text.sd_ble_gap_device_name_set
                0x00011a5c        0x4 obj\debug\examples\ble_peripheral\ble_app_hids_mouse\main.o
 .text.on_hids_evt
                0x00011a60       0x20 obj\debug\examples\ble_peripheral\ble_app_hids_mouse\main.o
 .text.conn_params_error_handler
                0x00011a80        0x4 obj\debug\examples\ble_peripheral\ble_app_hids_mouse\main.o
 .text.battery_level_meas_timeout_handler
                0x00011a84       0x40 obj\debug\examples\ble_peripheral\ble_app_hids_mouse\main.o
 .text.on_adv_evt
                0x00011ac4      0x170 obj\debug\examples\ble_peripheral\ble_app_hids_mouse\main.o
 .text.advertising_start.part.0
                0x00011c34       0x94 obj\debug\examples\ble_peripheral\ble_app_hids_mouse\main.o
 .text.pm_evt_handler
                0x00011cc8      0x124 obj\debug\examples\ble_peripheral\ble_app_hids_mouse\main.o
 .text.ble_advertising_error_handler
                0x00011dec        0x4 obj\debug\examples\ble_peripheral\ble_app_hids_mouse\main.o
 .text.service_error_handler
                0x00011df0        0x4 obj\debug\examples\ble_peripheral\ble_app_hids_mouse\main.o
 .text.bsp_event_handler
                0x00011df4      0x1a8 obj\debug\examples\ble_peripheral\ble_app_hids_mouse\main.o
 .text.nrf_fprintf_buffer_flush
                0x00011f9c       0x18 obj\debug\external\fprintf\nrf_fprintf.o
                0x00011f9c                nrf_fprintf_buffer_flush
 .text.nrf_fprintf
                0x00011fb4       0x20 obj\debug\external\fprintf\nrf_fprintf.o
                0x00011fb4                nrf_fprintf
 .text.unsigned_print
                0x00011fd4      0x120 obj\debug\external\fprintf\nrf_fprintf_format.o
 .text.nrf_fprintf_fmt
                0x000120f4      0x508 obj\debug\external\fprintf\nrf_fprintf_format.o
                0x000120f4                nrf_fprintf_fmt
 .text.__libc_init_array
                0x000125fc       0x4c c:/program files (x86)/embitz/1.11/share/em_armgcc/bin/../lib/gcc/arm-none-eabi/5.4.1/../../../../arm-none-eabi/lib/armv7e-m/fpu\libc_n.a(lib_a-init.o)
                0x000125fc                __libc_init_array
 .text.memcpy   0x00012648       0x16 c:/program files (x86)/embitz/1.11/share/em_armgcc/bin/../lib/gcc/arm-none-eabi/5.4.1/../../../../arm-none-eabi/lib/armv7e-m/fpu\libc_n.a(lib_a-memcpy-stub.o)
                0x00012648                memcpy
 .text.memset   0x0001265e       0x10 c:/program files (x86)/embitz/1.11/share/em_armgcc/bin/../lib/gcc/arm-none-eabi/5.4.1/../../../../arm-none-eabi/lib/armv7e-m/fpu\libc_n.a(lib_a-memset.o)
                0x0001265e                memset
 .text          0x0001266e       0x10 c:/program files (x86)/embitz/1.11/share/em_armgcc/bin/../lib/gcc/arm-none-eabi/5.4.1/../../../../arm-none-eabi/lib/armv7e-m/fpu\libc_n.a(lib_a-strlen.o)
                0x0001266e                strlen
 *fill*         0x0001267e        0x2 
 .text._exit    0x00012680        0x4 c:/program files (x86)/embitz/1.11/share/em_armgcc/bin/../lib/gcc/arm-none-eabi/5.4.1/../../../../arm-none-eabi/lib/armv7e-m/fpu\libnosys.a(_exit.o)
                0x00012680                _exit
 .text          0x00012684       0x30 c:/program files (x86)/embitz/1.11/share/em_armgcc/bin/../lib/gcc/arm-none-eabi/5.4.1/armv7e-m/fpu\libgcc.a(_aeabi_uldivmod.o)
                0x00012684                __aeabi_uldivmod
 .text          0x000126b4      0x2e4 c:/program files (x86)/embitz/1.11/share/em_armgcc/bin/../lib/gcc/arm-none-eabi/5.4.1/armv7e-m/fpu\libgcc.a(_udivmoddi4.o)
                0x000126b4                __udivmoddi4
 .text          0x00012998        0x4 c:/program files (x86)/embitz/1.11/share/em_armgcc/bin/../lib/gcc/arm-none-eabi/5.4.1/armv7e-m/fpu\libgcc.a(_dvmd_tls.o)
                0x00012998                __aeabi_idiv0
                0x00012998                __aeabi_ldiv0
 *(.gnu.warning)
 *(.glue_7t)
 .glue_7t       0x0001299c        0x0 linker stubs
 *(.glue_7)
 .glue_7        0x0001299c        0x0 linker stubs
 *(.vfp11_veneer)
 .vfp11_veneer  0x0001299c        0x0 linker stubs
 *(.v4_bx)
 .v4_bx         0x0001299c        0x0 linker stubs

.fini           0x0001299c        0xc
 *(SORT(.fini))
 .fini          0x0001299c        0x4 c:/program files (x86)/embitz/1.11/share/em_armgcc/bin/../lib/gcc/arm-none-eabi/5.4.1/armv7e-m/fpu/crti.o
                0x0001299c                _fini
 .fini          0x000129a0        0x8 c:/program files (x86)/embitz/1.11/share/em_armgcc/bin/../lib/gcc/arm-none-eabi/5.4.1/armv7e-m/fpu/crtn.o
                0x000129a8                PROVIDE (__etext, .)
                [!provide]                PROVIDE (_etext, .)
                [!provide]                PROVIDE (etext, .)

.rodata         0x000129a8      0xad4
 *(.rodata .rodata.* .gnu.linkonce.r.*)
 .rodata        0x000129a8       0x10 obj\debug\components\ble\peer_manager\gatts_cache_manager.o
 .rodata.service_changed_pending.9052
                0x000129b8        0x4 obj\debug\components\ble\peer_manager\gatts_cache_manager.o
 .rodata.service_changed_pending.9108
                0x000129bc        0x4 obj\debug\components\ble\peer_manager\gatts_cache_manager.o
 .rodata.m_evt_handlers
                0x000129c0       0x10 obj\debug\components\ble\peer_manager\peer_database.o
 .rodata.m_board_btn_list
                0x000129d0        0x4 obj\debug\components\boards\boards.o
 .rodata.m_board_led_list
                0x000129d4        0x4 obj\debug\components\boards\boards.o
 .rodata.m_button_timer_id
                0x000129d8        0x4 obj\debug\components\libraries\bsp\bsp.o
 .rodata.m_leds_timer_id
                0x000129dc        0x4 obj\debug\components\libraries\bsp\bsp.o
 .rodata.app_buttons
                0x000129e0       0x20 obj\debug\components\libraries\bsp\bsp.o
 .rodata.m_alert_timer_id
                0x00012a00        0x4 obj\debug\components\libraries\bsp\bsp.o
 .rodata.m_detection_delay_timer_id
                0x00012a04        0x4 obj\debug\components\libraries\button\app_button.o
 .rodata        0x00012a08       0x20 obj\debug\components\libraries\experimental_log\src\nrf_log_backend_uart.o
 .rodata.nrf_log_backend_uart_api
                0x00012a28        0xc obj\debug\components\libraries\experimental_log\src\nrf_log_backend_uart.o
                0x00012a28                nrf_log_backend_uart_api
 .rodata.mempool
                0x00012a34       0x14 obj\debug\components\libraries\experimental_log\src\nrf_log_frontend.o
 .rodata.severity_names
                0x00012a48       0x14 obj\debug\components\libraries\experimental_log\src\nrf_log_str_formatter.o
 .rodata.m_colors
                0x00012a5c       0x24 obj\debug\components\libraries\experimental_log\src\nrf_log_str_formatter.o
 .rodata.str1.4
                0x00012a80       0x8e obj\debug\components\libraries\experimental_log\src\nrf_log_str_formatter.o
                                 0x92 (size before relaxing)
 *fill*         0x00012b0e        0x2 
 .rodata.page_tag_data.8212
                0x00012b10        0x8 obj\debug\components\libraries\fds\fds.o
 .rodata.page_tag_swap.8208
                0x00012b18        0x8 obj\debug\components\libraries\fds\fds.o
 .rodata.dirty_header.8339
                0x00012b20        0x4 obj\debug\components\libraries\fds\fds.o
 .rodata.nrf_fstorage_sd
                0x00012b24       0x20 obj\debug\components\libraries\fstorage\nrf_fstorage_sd.o
                0x00012b24                nrf_fstorage_sd
 .rodata.m_flash_info
                0x00012b44        0xc obj\debug\components\libraries\fstorage\nrf_fstorage_sd.o
 .rodata.str1.4
                0x00012b50      0x308 obj\debug\components\libraries\strerror\nrf_strerror.o
 .rodata.nrf_strerror_array
                0x00012e58       0xf0 obj\debug\components\libraries\strerror\nrf_strerror.o
 .rodata.m_unknown_str
                0x00012f48       0x13 obj\debug\components\libraries\strerror\nrf_strerror.o
 *fill*         0x00012f5b        0x1 
 .rodata.str1.4
                0x00012f5c       0x19 obj\debug\components\libraries\util\app_error_weak.o
 *fill*         0x00012f75        0x3 
 .rodata        0x00012f78        0x4 obj\debug\components\softdevice\common\nrf_sdh.o
 .rodata.sdh_req_observers
                0x00012f7c        0xc obj\debug\components\softdevice\common\nrf_sdh.o
 .rodata.sdh_state_observers
                0x00012f88        0xc obj\debug\components\softdevice\common\nrf_sdh.o
 .rodata.str1.4
                0x00012f94      0x208 obj\debug\components\softdevice\common\nrf_sdh_ble.o
 .rodata.str1.4
                0x0001319c      0x1c4 obj\debug\examples\ble_peripheral\ble_app_hids_mouse\main.o
                                0x1c1 (size before relaxing)
 .rodata.m_battery_timer_id
                0x00013360        0x4 obj\debug\examples\ble_peripheral\ble_app_hids_mouse\main.o
 .rodata._aV2C.7274
                0x00013364       0x10 obj\debug\external\fprintf\nrf_fprintf_format.o
 .rodata._ctype_
                0x00013374      0x101 c:/program files (x86)/embitz/1.11/share/em_armgcc/bin/../lib/gcc/arm-none-eabi/5.4.1/../../../../arm-none-eabi/lib/armv7e-m/fpu\libc_n.a(lib_a-ctype_.o)
                0x00013374                _ctype_
 .rodata.str1.1
                0x00013475        0x2 c:/program files (x86)/embitz/1.11/share/em_armgcc/bin/../lib/gcc/arm-none-eabi/5.4.1/../../../../arm-none-eabi/lib/armv7e-m/fpu\libc_n.a(lib_a-impure.o)
 *fill*         0x00013477        0x1 
 .rodata._global_impure_ptr
                0x00013478        0x4 c:/program files (x86)/embitz/1.11/share/em_armgcc/bin/../lib/gcc/arm-none-eabi/5.4.1/../../../../arm-none-eabi/lib/armv7e-m/fpu\libc_n.a(lib_a-impure.o)
                0x00013478                _global_impure_ptr

.rodata1
 *(.rodata1)

.ARM.extab
 *(.ARM.extab* .gnu.linkonce.armextab.*)
                [!provide]                PROVIDE (__exidx_start, .)

.ARM.exidx      0x0001347c        0x8
 *(.ARM.exidx* .gnu.linkonce.armexidx.*)
 .ARM.exidx     0x0001347c        0x8 c:/program files (x86)/embitz/1.11/share/em_armgcc/bin/../lib/gcc/arm-none-eabi/5.4.1/../../../../arm-none-eabi/lib/armv7e-m/fpu/crt0.o
 .ARM.exidx     0x00013484        0x0 c:/program files (x86)/embitz/1.11/share/em_armgcc/bin/../lib/gcc/arm-none-eabi/5.4.1/armv7e-m/fpu\libgcc.a(_udivmoddi4.o)
                                  0x8 (size before relaxing)
                [!provide]                PROVIDE (__exidx_end, .)

.eh_frame_hdr
 *(.eh_frame_hdr)
 *(.eh_frame_entry .eh_frame_entry.*)

.eh_frame       0x00013484        0x4
 *(.eh_frame)
 .eh_frame      0x00013484        0x0 c:/program files (x86)/embitz/1.11/share/em_armgcc/bin/../lib/gcc/arm-none-eabi/5.4.1/armv7e-m/fpu/crtbegin.o
 .eh_frame      0x00013484        0x4 c:/program files (x86)/embitz/1.11/share/em_armgcc/bin/../lib/gcc/arm-none-eabi/5.4.1/armv7e-m/fpu/crtend.o
 *(.eh_frame.*)

.gcc_except_table
 *(.gcc_except_table .gcc_except_table.*)

.gnu_extab
 *(.gnu_extab*)

.exception_ranges
 *(.exception_ranges .exception_ranges*)
                0x00023488                . = (ALIGN (0x10000) + (. & 0xffff))

.eh_frame
 *(.eh_frame)
 *(.eh_frame.*)

.gnu_extab
 *(.gnu_extab)

.gcc_except_table
 *(.gcc_except_table .gcc_except_table.*)

.exception_ranges
 *(.exception_ranges .exception_ranges*)

.tdata
 *(.tdata .tdata.* .gnu.linkonce.td.*)

.tbss
 *(.tbss .tbss.* .gnu.linkonce.tb.*)
 *(.tcommon)

.preinit_array  0x00023488        0x0
                0x00023488                PROVIDE (__preinit_array_start, .)
 *(.preinit_array)
                0x00023488                PROVIDE (__preinit_array_end, .)

.init_array     0x00023488        0x4
                0x00023488                PROVIDE (__init_array_start, .)
 *(SORT(.init_array.*))
 *(.init_array)
 .init_array    0x00023488        0x4 c:/program files (x86)/embitz/1.11/share/em_armgcc/bin/../lib/gcc/arm-none-eabi/5.4.1/armv7e-m/fpu/crtbegin.o
                0x0002348c                PROVIDE (__init_array_end, .)

.fini_array     0x0002348c        0x4
                [!provide]                PROVIDE (__fini_array_start, .)
 *(SORT(.fini_array.*))
 *(.fini_array)
 .fini_array    0x0002348c        0x4 c:/program files (x86)/embitz/1.11/share/em_armgcc/bin/../lib/gcc/arm-none-eabi/5.4.1/armv7e-m/fpu/crtbegin.o
                [!provide]                PROVIDE (__fini_array_end, .)

.ctors
 *crtbegin.o(.ctors)
 *crtbegin?.o(.ctors)
 *(EXCLUDE_FILE(*crtend?.o *crtend.o) .ctors)
 *(SORT(.ctors.*))
 *(.ctors)

.dtors
 *crtbegin.o(.dtors)
 *crtbegin?.o(.dtors)
 *(EXCLUDE_FILE(*crtend?.o *crtend.o) .dtors)
 *(SORT(.dtors.*))
 *(.dtors)

.jcr            0x00023490        0x4
 *(.jcr)
 .jcr           0x00023490        0x0 c:/program files (x86)/embitz/1.11/share/em_armgcc/bin/../lib/gcc/arm-none-eabi/5.4.1/armv7e-m/fpu/crtbegin.o
 .jcr           0x00023490        0x4 c:/program files (x86)/embitz/1.11/share/em_armgcc/bin/../lib/gcc/arm-none-eabi/5.4.1/armv7e-m/fpu/crtend.o

.data.rel.ro
 *(.data.rel.ro.local* .gnu.linkonce.d.rel.ro.local.*)
 *(.data.rel.ro .data.rel.ro.* .gnu.linkonce.d.rel.ro.*)

.dynamic
 *(.dynamic)

.got            0x00023494        0x0
 *(.got.plt)
 *(.igot.plt)
 .igot.plt      0x00023494        0x0 c:/program files (x86)/embitz/1.11/share/em_armgcc/bin/../lib/gcc/arm-none-eabi/5.4.1/armv7e-m/fpu/crtbegin.o
 *(.got)
 *(.igot)

.data           0x00023494      0x118
                0x00023494                __data_start = .
 *(.data .data.* .gnu.linkonce.d.*)
 .data.m_flag_sec_proc_new_peer
                0x00023494        0x1 obj\debug\components\ble\peer_manager\security_dispatcher.o
 .data.m_flag_sec_proc
                0x00023495        0x1 obj\debug\components\ble\peer_manager\security_dispatcher.o
 .data.m_flag_sec_proc_pairing
                0x00023496        0x1 obj\debug\components\ble\peer_manager\security_dispatcher.o
 .data.m_flag_sec_proc_bonding
                0x00023497        0x1 obj\debug\components\ble\peer_manager\security_dispatcher.o
 .data.m_flag_allow_repairing
                0x00023498        0x1 obj\debug\components\ble\peer_manager\security_dispatcher.o
 .data.m_flag_params_reply_pending_flash_full
                0x00023499        0x1 obj\debug\components\ble\peer_manager\security_manager.o
 .data.m_flag_params_reply_pending_busy
                0x0002349a        0x1 obj\debug\components\ble\peer_manager\security_manager.o
 .data.m_flag_link_secure_null_params
                0x0002349b        0x1 obj\debug\components\ble\peer_manager\security_manager.o
 .data.m_flag_link_secure_pending_flash_full
                0x0002349c        0x1 obj\debug\components\ble\peer_manager\security_manager.o
 .data.m_flag_link_secure_force_repairing
                0x0002349d        0x1 obj\debug\components\ble\peer_manager\security_manager.o
 .data.m_flag_link_secure_pending_busy
                0x0002349e        0x1 obj\debug\components\ble\peer_manager\security_manager.o
 *fill*         0x0002349f        0x1 
 .data.m_uart   0x000234a0        0x8 obj\debug\components\libraries\experimental_log\src\nrf_log_backend_uart.o
                0x000234a0                m_uart
 .data.uart_log_backend
                0x000234a8        0xc obj\debug\components\libraries\experimental_log\src\nrf_log_default_backends.o
 .data.SystemCoreClock
                0x000234b4        0x4 obj\debug\components\toolchain\system_nrf52840.o
                0x000234b4                SystemCoreClock
 .data.m_adv_uuids
                0x000234b8        0x4 obj\debug\examples\ble_peripheral\ble_app_hids_mouse\main.o
 .data.rep_map_data.11270
                0x000234bc       0x88 obj\debug\examples\ble_peripheral\ble_app_hids_mouse\main.o
 .data.m_conn_handle
                0x00023544        0x2 obj\debug\examples\ble_peripheral\ble_app_hids_mouse\main.o
 *fill*         0x00023546        0x2 
 .data.__ctype_ptr__
                0x00023548        0x4 c:/program files (x86)/embitz/1.11/share/em_armgcc/bin/../lib/gcc/arm-none-eabi/5.4.1/../../../../arm-none-eabi/lib/armv7e-m/fpu\libc_n.a(lib_a-ctype_.o)
                0x00023548                __ctype_ptr__
 .data.impure_data
                0x0002354c       0x60 c:/program files (x86)/embitz/1.11/share/em_armgcc/bin/../lib/gcc/arm-none-eabi/5.4.1/../../../../arm-none-eabi/lib/armv7e-m/fpu\libc_n.a(lib_a-impure.o)

.log_dynamic_data_app
                0x000235ac        0xc
 .log_dynamic_data_app
                0x000235ac        0xc obj\debug\components\libraries\experimental_log\src\nrf_log_frontend.o
                0x000235ac                m_nrf_log_app_logs_data_dynamic

.fs_data        0x000235b8       0x14
 .fs_data       0x000235b8       0x14 obj\debug\components\libraries\fds\fds.o
                0x000235b8                m_fs

.log_dynamic_data_nrf_sdh_ble
                0x000235cc        0xc
 .log_dynamic_data_nrf_sdh_ble
                0x000235cc        0xc obj\debug\components\softdevice\common\nrf_sdh_ble.o
                0x000235cc                m_nrf_log_nrf_sdh_ble_logs_data_dynamic

.data1
 *(.data1)
                0x000235d8                _edata = .
                [!provide]                PROVIDE (edata, .)
                0x000235d8                . = .
                0x000235d8                __bss_start = .
                0x000235d8                __bss_start__ = .

.bss            0x000235d8     0x1128
 *(.dynbss)
 *(.bss .bss.* .gnu.linkonce.b.*)
 .bss           0x000235d8       0x1c c:/program files (x86)/embitz/1.11/share/em_armgcc/bin/../lib/gcc/arm-none-eabi/5.4.1/armv7e-m/fpu/crtbegin.o
 .bss.sw_rev_handles
                0x000235f4        0x8 obj\debug\components\ble\ble_services\ble_dis\ble_dis.o
 .bss.model_num_handles
                0x000235fc        0x8 obj\debug\components\ble\ble_services\ble_dis\ble_dis.o
 .bss.sys_id_handles
                0x00023604        0x8 obj\debug\components\ble\ble_services\ble_dis\ble_dis.o
 .bss.manufact_name_handles
                0x0002360c        0x8 obj\debug\components\ble\ble_services\ble_dis\ble_dis.o
 .bss.reg_cert_data_list_handles
                0x00023614        0x8 obj\debug\components\ble\ble_services\ble_dis\ble_dis.o
 .bss.pnp_id_handles
                0x0002361c        0x8 obj\debug\components\ble\ble_services\ble_dis\ble_dis.o
 .bss.hw_rev_handles
                0x00023624        0x8 obj\debug\components\ble\ble_services\ble_dis\ble_dis.o
 .bss.serial_num_handles
                0x0002362c        0x8 obj\debug\components\ble\ble_services\ble_dis\ble_dis.o
 .bss.fw_rev_handles
                0x00023634        0x8 obj\debug\components\ble\ble_services\ble_dis\ble_dis.o
 .bss.service_handle
                0x0002363c        0x2 obj\debug\components\ble\ble_services\ble_dis\ble_dis.o
 *fill*         0x0002363e        0x2 
 .bss.m_conn_params_config
                0x00023640       0x1c obj\debug\components\ble\common\ble_conn_params.o
 .bss.m_conn_params_instances
                0x0002365c       0x14 obj\debug\components\ble\common\ble_conn_params.o
 .bss.m_timer_data
                0x00023670       0x20 obj\debug\components\ble\common\ble_conn_params.o
 .bss.m_preferred_conn_params
                0x00023690        0x8 obj\debug\components\ble\common\ble_conn_params.o
 .bss.m_bcs     0x00023698       0xb8 obj\debug\components\ble\common\ble_conn_state.o
 .bss.m_flag_service_changed_pending
                0x00023750        0x1 obj\debug\components\ble\peer_manager\gatt_cache_manager.o
 .bss.m_db_update_in_progress_mutex
                0x00023751        0x1 obj\debug\components\ble\peer_manager\gatt_cache_manager.o
 .bss.m_flag_service_changed_sent
                0x00023752        0x1 obj\debug\components\ble\peer_manager\gatt_cache_manager.o
 .bss.m_flag_local_db_update_pending
                0x00023753        0x1 obj\debug\components\ble\peer_manager\gatt_cache_manager.o
 .bss.m_flag_local_db_apply_pending
                0x00023754        0x1 obj\debug\components\ble\peer_manager\gatt_cache_manager.o
 *fill*         0x00023755        0x1 
 .bss.start_handle.9100
                0x00023756        0x2 obj\debug\components\ble\peer_manager\gatts_cache_manager.o
 .bss.m_current_sc_store_peer_id
                0x00023758        0x2 obj\debug\components\ble\peer_manager\gatts_cache_manager.o
 *fill*         0x0002375a        0x2 
 .bss.m_connections
                0x0002375c       0xf0 obj\debug\components\ble\peer_manager\id_manager.o
 .bss.m_conn_state_user_flag_id
                0x0002384c        0x1 obj\debug\components\ble\peer_manager\id_manager.o
 *fill*         0x0002384d        0x3 
 .bss.m_wlisted_peers
                0x00023850       0x10 obj\debug\components\ble\peer_manager\id_manager.o
 .bss.m_wlisted_peer_cnt
                0x00023860        0x1 obj\debug\components\ble\peer_manager\id_manager.o
 .bss.m_peer_delete_queued
                0x00023861        0x1 obj\debug\components\ble\peer_manager\peer_data_storage.o
 .bss.m_peer_delete_ongoing
                0x00023862        0x1 obj\debug\components\ble\peer_manager\peer_data_storage.o
 *fill*         0x00023863        0x1 
 .bss.buffer_memory.9195
                0x00023864       0xa0 obj\debug\components\ble\peer_manager\peer_database.o
 .bss.m_write_buffer_records
                0x00023904       0x20 obj\debug\components\ble\peer_manager\peer_database.o
 .bss.m_n_pending_writes
                0x00023924        0x4 obj\debug\components\ble\peer_manager\peer_database.o
 .bss.m_write_buffer
                0x00023928       0x10 obj\debug\components\ble\peer_manager\peer_database.o
 .bss.mutex_memory.9196
                0x00023938        0x1 obj\debug\components\ble\peer_manager\peer_database.o
 *fill*         0x00023939        0x3 
 .bss.m_pi      0x0002393c       0x40 obj\debug\components\ble\peer_manager\peer_id.o
 .bss.m_peer_rank_initialized
                0x0002397c        0x1 obj\debug\components\ble\peer_manager\peer_manager.o
 *fill*         0x0002397d        0x3 
 .bss.m_current_highest_peer_rank
                0x00023980        0x4 obj\debug\components\ble\peer_manager\peer_manager.o
 .bss.m_module_initialized
                0x00023984        0x1 obj\debug\components\ble\peer_manager\peer_manager.o
 *fill*         0x00023985        0x3 
 .bss.m_evt_handlers
                0x00023988        0xc obj\debug\components\ble\peer_manager\peer_manager.o
 .bss.m_deleting_all
                0x00023994        0x1 obj\debug\components\ble\peer_manager\peer_manager.o
 .bss.m_n_registrants
                0x00023995        0x1 obj\debug\components\ble\peer_manager\peer_manager.o
 .bss.m_bonded_flag_id
                0x00023996        0x1 obj\debug\components\ble\peer_manager\peer_manager.o
 *fill*         0x00023997        0x1 
 .bss.m_peer_rank_token
                0x00023998        0x4 obj\debug\components\ble\peer_manager\peer_manager.o
 .bss.m_highest_ranked_peer
                0x0002399c        0x2 obj\debug\components\ble\peer_manager\peer_manager.o
 *fill*         0x0002399e        0x2 
 .bss.m_peer_pk
                0x000239a0       0x40 obj\debug\components\ble\peer_manager\security_dispatcher.o
 .bss.m_sec_params_set
                0x000239e0        0x1 obj\debug\components\ble\peer_manager\security_manager.o
 *fill*         0x000239e1        0x3 
 .bss.m_p_public_key
                0x000239e4        0x4 obj\debug\components\ble\peer_manager\security_manager.o
 .bss.mp_sec_params
                0x000239e8        0x4 obj\debug\components\ble\peer_manager\security_manager.o
 .bss.m_sec_params
                0x000239ec        0x5 obj\debug\components\ble\peer_manager\security_manager.o
 *fill*         0x000239f1        0x3 
 .bss.m_cb      0x000239f4       0x68 obj\debug\components\drivers_nrf\gpiote\nrf_drv_gpiote.o
 .bss.m_cb      0x00023a5c       0x20 obj\debug\components\drivers_nrf\uart\nrf_drv_uart.o
 .bss.m_leds_timer_id_data
                0x00023a7c       0x20 obj\debug\components\libraries\bsp\bsp.o
 .bss.current_long_push_pin_no.7923
                0x00023a9c        0x1 obj\debug\components\libraries\bsp\bsp.o
 .bss.m_alert_on
                0x00023a9d        0x1 obj\debug\components\libraries\bsp\bsp.o
 *fill*         0x00023a9e        0x2 
 .bss.m_indication_type
                0x00023aa0        0x4 obj\debug\components\libraries\bsp\bsp.o
 .bss.release_event_at_push.7924
                0x00023aa4        0x4 obj\debug\components\libraries\bsp\bsp.o
 .bss.m_leds_clear
                0x00023aa8        0x1 obj\debug\components\libraries\bsp\bsp.o
 *fill*         0x00023aa9        0x3 
 .bss.m_registered_callback
                0x00023aac        0x4 obj\debug\components\libraries\bsp\bsp.o
 .bss.m_button_timer_id_data
                0x00023ab0       0x20 obj\debug\components\libraries\bsp\bsp.o
 .bss.m_stable_state
                0x00023ad0        0x1 obj\debug\components\libraries\bsp\bsp.o
 *fill*         0x00023ad1        0x3 
 .bss.m_alert_timer_id_data
                0x00023ad4       0x20 obj\debug\components\libraries\bsp\bsp.o
 .bss.m_events_list
                0x00023af4        0xc obj\debug\components\libraries\bsp\bsp.o
 .bss.m_error_handler
                0x00023b00        0x4 obj\debug\components\libraries\bsp\bsp_btn_ble.o
 .bss.m_num_connections
                0x00023b04        0x4 obj\debug\components\libraries\bsp\bsp_btn_ble.o
 .bss.m_detection_delay
                0x00023b08        0x4 obj\debug\components\libraries\button\app_button.o
 .bss.mp_buttons
                0x00023b0c        0x4 obj\debug\components\libraries\button\app_button.o
 .bss.m_button_count
                0x00023b10        0x1 obj\debug\components\libraries\button\app_button.o
 *fill*         0x00023b11        0x3 
 .bss.m_detection_delay_timer_id_data
                0x00023b14       0x20 obj\debug\components\libraries\button\app_button.o
 .bss.m_pin_state
                0x00023b34        0x4 obj\debug\components\libraries\button\app_button.o
 .bss.m_pin_transition
                0x00023b38        0x4 obj\debug\components\libraries\button\app_button.o
 .bss.m_xfer_done
                0x00023b3c        0x1 obj\debug\components\libraries\experimental_log\src\nrf_log_backend_uart.o
 .bss.m_async_mode
                0x00023b3d        0x1 obj\debug\components\libraries\experimental_log\src\nrf_log_backend_uart.o
 *fill*         0x00023b3e        0x2 
 .bss.m_string_buff
                0x00023b40       0x40 obj\debug\components\libraries\experimental_log\src\nrf_log_backend_uart.o
 .bss.m_log_data
                0x00023b80      0x420 obj\debug\components\libraries\experimental_log\src\nrf_log_frontend.o
 .bss.mempool_nrf_balloc_cb
                0x00023fa0        0x8 obj\debug\components\libraries\experimental_log\src\nrf_log_frontend.o
 .bss.mempool_nrf_balloc_pool_stack
                0x00023fa8        0x8 obj\debug\components\libraries\experimental_log\src\nrf_log_frontend.o
 .bss.mempool_nrf_balloc_pool_mem
                0x00023fb0       0xc0 obj\debug\components\libraries\experimental_log\src\nrf_log_frontend.o
 .bss.m_p_cur_op.8482
                0x00024070        0x4 obj\debug\components\libraries\fds\fds.o
 .bss.m_users   0x00024074        0x4 obj\debug\components\libraries\fds\fds.o
 .bss.m_pages   0x00024078       0x28 obj\debug\components\libraries\fds\fds.o
 .bss.m_gc      0x000240a0       0x10 obj\debug\components\libraries\fds\fds.o
 .bss.page.8447
                0x000240b0        0x2 obj\debug\components\libraries\fds\fds.o
 *fill*         0x000240b2        0x2 
 .bss.desc.8446
                0x000240b4        0xc obj\debug\components\libraries\fds\fds.o
 .bss.tok.8353  0x000240c0        0x8 obj\debug\components\libraries\fds\fds.o
 .bss.m_swap_page
                0x000240c8        0x8 obj\debug\components\libraries\fds\fds.o
 .bss.m_iget_ctx.8483
                0x000240d0        0x4 obj\debug\components\libraries\fds\fds.o
 .bss.m_queue_data
                0x000240d4       0x8c obj\debug\components\libraries\fds\fds.o
 .bss.m_queued_op_cnt
                0x00024160        0x4 obj\debug\components\libraries\fds\fds.o
 .bss.m_queue_inst
                0x00024164       0x10 obj\debug\components\libraries\fds\fds.o
 .bss.m_flags   0x00024174        0x8 obj\debug\components\libraries\fds\fds.o
 .bss.m_latest_rec_id
                0x0002417c        0x4 obj\debug\components\libraries\fds\fds.o
 .bss.m_cb_table
                0x00024180       0x10 obj\debug\components\libraries\fds\fds.o
 .bss.m_fifo_inst
                0x00024190       0x10 obj\debug\components\libraries\fstorage\nrf_fstorage_sd.o
 .bss.m_iget_ctx
                0x000241a0        0x4 obj\debug\components\libraries\fstorage\nrf_fstorage_sd.o
 .bss.m_p_cur_op
                0x000241a4        0x4 obj\debug\components\libraries\fstorage\nrf_fstorage_sd.o
 .bss.m_fifo_data
                0x000241a8       0x8c obj\debug\components\libraries\fstorage\nrf_fstorage_sd.o
 .bss.m_flags   0x00024234       0x14 obj\debug\components\libraries\fstorage\nrf_fstorage_sd.o
 .bss.m_queue_event_headers
                0x00024248        0x4 obj\debug\components\libraries\scheduler\app_scheduler.o
 .bss.m_queue_event_data
                0x0002424c        0x4 obj\debug\components\libraries\scheduler\app_scheduler.o
 .bss.m_queue_event_size
                0x00024250        0x2 obj\debug\components\libraries\scheduler\app_scheduler.o
 .bss.m_queue_start_index
                0x00024252        0x1 obj\debug\components\libraries\scheduler\app_scheduler.o
 .bss.m_queue_end_index
                0x00024253        0x1 obj\debug\components\libraries\scheduler\app_scheduler.o
 .bss.m_queue_size
                0x00024254        0x2 obj\debug\components\libraries\scheduler\app_scheduler.o
 *fill*         0x00024256        0x2 
 .bss.m_ticks_latest
                0x00024258        0x4 obj\debug\components\libraries\timer\app_timer.o
 .bss.mp_timer_id_head
                0x0002425c        0x4 obj\debug\components\libraries\timer\app_timer.o
 .bss.m_ticks_elapsed_q_read_ind
                0x00024260        0x1 obj\debug\components\libraries\timer\app_timer.o
 .bss.m_ticks_elapsed_q_write_ind
                0x00024261        0x1 obj\debug\components\libraries\timer\app_timer.o
 *fill*         0x00024262        0x2 
 .bss.m_op_queue
                0x00024264      0x10c obj\debug\components\libraries\timer\app_timer.o
 .bss.m_rtc1_running
                0x00024370        0x1 obj\debug\components\libraries\timer\app_timer.o
 .bss.m_nrf_sdh_enabled
                0x00024371        0x1 obj\debug\components\softdevice\common\nrf_sdh.o
 .bss.m_nrf_sdh_continue
                0x00024372        0x1 obj\debug\components\softdevice\common\nrf_sdh.o
 .bss.m_nrf_sdh_suspended
                0x00024373        0x1 obj\debug\components\softdevice\common\nrf_sdh.o
 .bss.m_peer_id
                0x00024374        0x2 obj\debug\examples\ble_peripheral\ble_app_hids_mouse\main.o
 *fill*         0x00024376        0x2 
 .bss.m_whitelist_peers
                0x00024378       0x10 obj\debug\examples\ble_peripheral\ble_app_hids_mouse\main.o
 .bss.m_battery_sim_state
                0x00024388        0x8 obj\debug\examples\ble_peripheral\ble_app_hids_mouse\main.o
 .bss.m_battery_sim_cfg
                0x00024390       0x10 obj\debug\examples\ble_peripheral\ble_app_hids_mouse\main.o
 .bss.APP_SCHED_BUF.11386
                0x000243a0       0xb0 obj\debug\examples\ble_peripheral\ble_app_hids_mouse\main.o
 .bss.m_in_boot_mode
                0x00024450        0x1 obj\debug\examples\ble_peripheral\ble_app_hids_mouse\main.o
 *fill*         0x00024451        0x3 
 .bss.m_hids    0x00024454      0x178 obj\debug\examples\ble_peripheral\ble_app_hids_mouse\main.o
 .bss.m_advertising
                0x000245cc       0xd8 obj\debug\examples\ble_peripheral\ble_app_hids_mouse\main.o
 .bss.m_whitelist_peer_cnt
                0x000246a4        0x4 obj\debug\examples\ble_peripheral\ble_app_hids_mouse\main.o
 .bss.m_gatt    0x000246a8       0x14 obj\debug\examples\ble_peripheral\ble_app_hids_mouse\main.o
 .bss.m_battery_timer_id_data
                0x000246bc       0x20 obj\debug\examples\ble_peripheral\ble_app_hids_mouse\main.o
 .bss.m_bas     0x000246dc       0x18 obj\debug\examples\ble_peripheral\ble_app_hids_mouse\main.o
 *(COMMON)
 COMMON         0x000246f4        0xc obj\debug\components\libraries\util\app_util_platform.o
                0x000246f4                nrf_nvic_state
                0x00024700                . = ALIGN ((. != 0x0)?0x4:0x1)
                0x00024700                _bss_end__ = .
                0x00024700                __bss_end__ = .
                0x00024700                . = ALIGN (0x4)
                0x00024700                . = SEGMENT_START ("ldata-segment", .)
                0x00024700                . = ALIGN (0x4)
                0x00024700                __end__ = .
                0x00024700                _end = .
                [!provide]                PROVIDE (end, .)

.stab
 *(.stab)

.stabstr
 *(.stabstr)

.stab.excl
 *(.stab.excl)

.stab.exclstr
 *(.stab.exclstr)

.stab.index
 *(.stab.index)

.stab.indexstr
 *(.stab.indexstr)

.comment        0x00000000       0x6e
 *(.comment)
 .comment       0x00000000       0x6e obj\debug\components\ble\ble_advertising\ble_advertising.o
                                 0x6f (size before relaxing)
 .comment       0x0000006e       0x6f obj\debug\components\ble\ble_services\ble_bas\ble_bas.o
 .comment       0x0000006e       0x6f obj\debug\components\ble\ble_services\ble_dis\ble_dis.o
 .comment       0x0000006e       0x6f obj\debug\components\ble\ble_services\ble_hids\ble_hids.o
 .comment       0x0000006e       0x6f obj\debug\components\ble\common\ble_advdata.o
 .comment       0x0000006e       0x6f obj\debug\components\ble\common\ble_conn_params.o
 .comment       0x0000006e       0x6f obj\debug\components\ble\common\ble_conn_state.o
 .comment       0x0000006e       0x6f obj\debug\components\ble\common\ble_srv_common.o
 .comment       0x0000006e       0x6f obj\debug\components\ble\nrf_ble_gatt\nrf_ble_gatt.o
 .comment       0x0000006e       0x6f obj\debug\components\ble\peer_manager\gatt_cache_manager.o
 .comment       0x0000006e       0x6f obj\debug\components\ble\peer_manager\gatts_cache_manager.o
 .comment       0x0000006e       0x6f obj\debug\components\ble\peer_manager\id_manager.o
 .comment       0x0000006e       0x6f obj\debug\components\ble\peer_manager\peer_data_storage.o
 .comment       0x0000006e       0x6f obj\debug\components\ble\peer_manager\peer_database.o
 .comment       0x0000006e       0x6f obj\debug\components\ble\peer_manager\peer_id.o
 .comment       0x0000006e       0x6f obj\debug\components\ble\peer_manager\peer_manager.o
 .comment       0x0000006e       0x6f obj\debug\components\ble\peer_manager\pm_buffer.o
 .comment       0x0000006e       0x6f obj\debug\components\ble\peer_manager\pm_mutex.o
 .comment       0x0000006e       0x6f obj\debug\components\ble\peer_manager\security_dispatcher.o
 .comment       0x0000006e       0x6f obj\debug\components\ble\peer_manager\security_manager.o
 .comment       0x0000006e       0x6f obj\debug\components\boards\boards.o
 .comment       0x0000006e       0x6f obj\debug\components\drivers_nrf\clock\nrf_drv_clock.o
 .comment       0x0000006e       0x6f obj\debug\components\drivers_nrf\common\nrf_drv_common.o
 .comment       0x0000006e       0x6f obj\debug\components\drivers_nrf\gpiote\nrf_drv_gpiote.o
 .comment       0x0000006e       0x6f obj\debug\components\drivers_nrf\uart\nrf_drv_uart.o
 .comment       0x0000006e       0x6f obj\debug\components\libraries\atomic_fifo\nrf_atfifo.o
 .comment       0x0000006e       0x6f obj\debug\components\libraries\balloc\nrf_balloc.o
 .comment       0x0000006e       0x6f obj\debug\components\libraries\bsp\bsp.o
 .comment       0x0000006e       0x6f obj\debug\components\libraries\bsp\bsp_btn_ble.o
 .comment       0x0000006e       0x6f obj\debug\components\libraries\bsp\bsp_nfc.o
 .comment       0x0000006e       0x6f obj\debug\components\libraries\button\app_button.o
 .comment       0x0000006e       0x6f obj\debug\components\libraries\crc16\crc16.o
 .comment       0x0000006e       0x6f obj\debug\components\libraries\experimental_log\src\nrf_log_backend_rtt.o
 .comment       0x0000006e       0x6f obj\debug\components\libraries\experimental_log\src\nrf_log_backend_serial.o
 .comment       0x0000006e       0x6f obj\debug\components\libraries\experimental_log\src\nrf_log_backend_uart.o
 .comment       0x0000006e       0x6f obj\debug\components\libraries\experimental_log\src\nrf_log_default_backends.o
 .comment       0x0000006e       0x6f obj\debug\components\libraries\experimental_log\src\nrf_log_frontend.o
 .comment       0x0000006e       0x6f obj\debug\components\libraries\experimental_log\src\nrf_log_str_formatter.o
 .comment       0x0000006e       0x6f obj\debug\components\libraries\experimental_memobj\nrf_memobj.o
 .comment       0x0000006e       0x6f obj\debug\components\libraries\experimental_section_vars\nrf_section_iter.o
 .comment       0x0000006e       0x6f obj\debug\components\libraries\fds\fds.o
 .comment       0x0000006e       0x6f obj\debug\components\libraries\fstorage\nrf_fstorage.o
 .comment       0x0000006e       0x6f obj\debug\components\libraries\fstorage\nrf_fstorage_sd.o
 .comment       0x0000006e       0x6f obj\debug\components\libraries\hardfault\hardfault_implementation.o
 .comment       0x0000006e       0x6f obj\debug\components\libraries\pwr_mgmt\nrf_pwr_mgmt.o